Component: ARM Compiler 5.06 update 3 (build 300) Tool: armlink [4d35c9]

==============================================================================

Section Cross References

    main.o(i.main) refers to hardwareconfig.o(i.HARDWARECONFIG_INIT) for HARDWARECONFIG_INIT
    main.o(i.main) refers to robot.o(i.ROBOT_INIT) for ROBOT_INIT
    main.o(i.main) refers to robot.o(i.buzzer) for buzzer
    main.o(i.main) refers to hardwareconfig.o(i.lcd_gotoxy) for lcd_gotoxy
    main.o(i.main) refers to hardwareconfig.o(i.lcd_putsf) for lcd_putsf
    main.o(i.main) refers to hardwareconfig.o(i.delay_ms) for delay_ms
    main.o(i.main) refers to hardwareconfig.o(i.lcd_clear) for lcd_clear
    main.o(i.main) refers to movements.o(i.calib_sensor_line) for calib_sensor_line
    main.o(i.main) refers to robot.o(i.read_combutton) for read_combutton
    main.o(i.main) refers to movements.o(i.read_eeprom) for read_eeprom
    main.o(i.main) refers to robot.o(i.lcd_led) for lcd_led
    main.o(i.main) refers to movements.o(i.read_adc_dig) for read_adc_dig
    main.o(i.main) refers to printf1.o(i.__0sprintf$1) for __2sprintf
    main.o(i.main) refers to hardwareconfig.o(i.read_encoderL) for read_encoderL
    main.o(i.main) refers to hardwareconfig.o(i.read_encoderR) for read_encoderR
    main.o(i.main) refers to hardwareconfig.o(i.read_gy25_yaw) for read_gy25_yaw
    main.o(i.main) refers to robot.o(i.read_startbutton) for read_startbutton
    main.o(i.main) refers to movements.o(i.forward_upto_white) for forward_upto_white
    main.o(i.main) refers to movements.o(i.finish) for finish
    main.o(i.main) refers to main.o(.bss) for buf
    hardwareconfig.o(i.ADC_INIT) refers to stm32f10x_rcc.o(i.RCC_APB2PeriphClockCmd) for RCC_APB2PeriphClockCmd
    hardwareconfig.o(i.ADC_INIT) refers to stm32f10x_gpio.o(i.GPIO_Init) for GPIO_Init
    hardwareconfig.o(i.ADC_INIT) refers to stm32f10x_adc.o(i.ADC_StructInit) for ADC_StructInit
    hardwareconfig.o(i.ADC_INIT) refers to stm32f10x_adc.o(i.ADC_Init) for ADC_Init
    hardwareconfig.o(i.ADC_INIT) refers to stm32f10x_adc.o(i.ADC_Cmd) for ADC_Cmd
    hardwareconfig.o(i.ENCODER_INIT) refers to hardwareconfig.o(i.Enc_Pin_Config) for Enc_Pin_Config
    hardwareconfig.o(i.ENCODER_INIT) refers to hardwareconfig.o(i.Enc_Tim_Config) for Enc_Tim_Config
    hardwareconfig.o(i.ENCODER_INIT) refers to hardwareconfig.o(i.Enc_Nvic_Config) for Enc_Nvic_Config
    hardwareconfig.o(i.Enc_Nvic_Config) refers to misc.o(i.NVIC_PriorityGroupConfig) for NVIC_PriorityGroupConfig
    hardwareconfig.o(i.Enc_Nvic_Config) refers to misc.o(i.NVIC_Init) for NVIC_Init
    hardwareconfig.o(i.Enc_Pin_Config) refers to stm32f10x_rcc.o(i.RCC_APB2PeriphClockCmd) for RCC_APB2PeriphClockCmd
    hardwareconfig.o(i.Enc_Pin_Config) refers to stm32f10x_gpio.o(i.GPIO_Init) for GPIO_Init
    hardwareconfig.o(i.Enc_Tim_Config) refers to stm32f10x_rcc.o(i.RCC_PCLK1Config) for RCC_PCLK1Config
    hardwareconfig.o(i.Enc_Tim_Config) refers to stm32f10x_rcc.o(i.RCC_APB1PeriphClockCmd) for RCC_APB1PeriphClockCmd
    hardwareconfig.o(i.Enc_Tim_Config) refers to stm32f10x_tim.o(i.TIM_TimeBaseInit) for TIM_TimeBaseInit
    hardwareconfig.o(i.Enc_Tim_Config) refers to stm32f10x_tim.o(i.TIM_Cmd) for TIM_Cmd
    hardwareconfig.o(i.Enc_Tim_Config) refers to stm32f10x_tim.o(i.TIM_ITConfig) for TIM_ITConfig
    hardwareconfig.o(i.FEE_Erase) refers to stm32f10x_flash.o(i.FLASH_ErasePage) for FLASH_ErasePage
    hardwareconfig.o(i.FEE_Init) refers to stm32f10x_flash.o(i.FLASH_Unlock) for FLASH_Unlock
    hardwareconfig.o(i.FEE_Init) refers to stm32f10x_flash.o(i.FLASH_ClearFlag) for FLASH_ClearFlag
    hardwareconfig.o(i.FEE_WriteDataByte) refers to stm32f10x_flash.o(i.FLASH_ProgramHalfWord) for FLASH_ProgramHalfWord
    hardwareconfig.o(i.FEE_WriteDataByte) refers to memcpya.o(.text) for __aeabi_memcpy4
    hardwareconfig.o(i.FEE_WriteDataByte) refers to stm32f10x_flash.o(i.FLASH_ErasePage) for FLASH_ErasePage
    hardwareconfig.o(i.FEE_WriteDataByte) refers to hardwareconfig.o(.bss) for DataBuf
    hardwareconfig.o(i.GY25_INIT) refers to hardwareconfig.o(i.USART3_INIT) for USART3_INIT
    hardwareconfig.o(i.GY25_INIT) refers to hardwareconfig.o(i.USART_IT_Enable) for USART_IT_Enable
    hardwareconfig.o(i.GY25_INIT) refers to hardwareconfig.o(i.NVIC_Config_Usart3) for NVIC_Config_Usart3
    hardwareconfig.o(i.HARDWARECONFIG_INIT) refers to hardwareconfig.o(i.SYSTICK_INIT) for SYSTICK_INIT
    hardwareconfig.o(i.HARDWARECONFIG_INIT) refers to hardwareconfig.o(i.LCD_INIT) for LCD_INIT
    hardwareconfig.o(i.HARDWARECONFIG_INIT) refers to hardwareconfig.o(i.PWM_INIT) for PWM_INIT
    hardwareconfig.o(i.HARDWARECONFIG_INIT) refers to hardwareconfig.o(i.ADC_INIT) for ADC_INIT
    hardwareconfig.o(i.HARDWARECONFIG_INIT) refers to hardwareconfig.o(i.ENCODER_INIT) for ENCODER_INIT
    hardwareconfig.o(i.LCD_INIT) refers to hardwareconfig.o(i.lcd_InitIO) for lcd_InitIO
[...]
    printfa.o(i._fp_digits) refers to cdrcmple.o(.text) for __aeabi_cdrcmple
    printfa.o(i._fp_digits) refers to dadd.o(.text) for __aeabi_dadd
    printfa.o(i._fp_digits) refers to dfixul.o(.text) for __aeabi_d2ulz
    printfa.o(i._fp_digits) refers to uldiv.o(.text) for __aeabi_uldivmod
    printfa.o(i._printf_core) refers (Special) to iusefp.o(.text) for __I$use$fp
    printfa.o(i._printf_core) refers to printfa.o(i._printf_pre_padding) for _printf_pre_padding
    printfa.o(i._printf_core) refers to uldiv.o(.text) for __aeabi_uldivmod
    printfa.o(i._printf_core) refers to printfa.o(i._printf_post_padding) for _printf_post_padding
    printfa.o(i._printf_core) refers to printfa.o(i._fp_digits) for _fp_digits
    printfa.o(i._printf_core) refers to uidiv.o(.text) for __aeabi_uidivmod
    printfa.o(i._printf_post_padding) refers (Special) to iusefp.o(.text) for __I$use$fp
    printfa.o(i._printf_pre_padding) refers (Special) to iusefp.o(.text) for __I$use$fp
    printfa.o(i._snputc) refers (Special) to iusefp.o(.text) for __I$use$fp
    printfa.o(i._sputc) refers (Special) to iusefp.o(.text) for __I$use$fp
    entry2.o(.ARM.Collect$$$$00000001) refers to entry2.o(.ARM.Collect$$$$00002712) for __lit__00000000
    entry2.o(.ARM.Collect$$$$00002712) refers to startup_stm32f10x_md.o(STACK) for __initial_sp
    entry2.o(__vectab_stack_and_reset_area) refers to startup_stm32f10x_md.o(STACK) for __initial_sp
    entry2.o(__vectab_stack_and_reset_area) refers to entry.o(.ARM.Collect$$$$00000000) for __main
    entry5.o(.ARM.Collect$$$$00000004) refers to init.o(.text) for __scatterload
    entry9a.o(.ARM.Collect$$$$0000000B) refers to main.o(i.main) for main
    entry9b.o(.ARM.Collect$$$$0000000C) refers to main.o(i.main) for main
    fputc.o(i.fputc) refers (Special) to iusesemip.o(.text) for __I$use$semihosting$fputc
    fputc.o(i.fputc) refers (Special) to semi.o(.text) for __semihosting_library_function
    uldiv.o(.text) refers to llushr.o(.text) for __aeabi_llsr
    uldiv.o(.text) refers to llshl.o(.text) for __aeabi_llsl
    dadd.o(.text) refers to llshl.o(.text) for __aeabi_llsl
    dadd.o(.text) refers to llsshr.o(.text) for __aeabi_lasr
    dadd.o(.text) refers to depilogue.o(.text) for _double_epilogue
    dmul.o(.text) refers to depilogue.o(.text) for _double_epilogue
    ddiv.o(.text) refers to depilogue.o(.text) for _double_round
    dfixul.o(.text) refers to llushr.o(.text) for __aeabi_llsr
    dfixul.o(.text) refers to llshl.o(.text) for __aeabi_llsl
    init.o(.text) refers to entry5.o(.ARM.Collect$$$$00000004) for __main_after_scatterload
    depilogue.o(.text) refers to llshl.o(.text) for __aeabi_llsl
    depilogue.o(.text) refers to llushr.o(.text) for __aeabi_llsr


==============================================================================

Removing Unused input sections from the image.

    Removing main.o(.rev16_text), (4 bytes).
    Removing main.o(.revsh_text), (4 bytes).
    Removing main.o(.rrx_text), (6 bytes).
    Removing hardwareconfig.o(.rev16_text), (4 bytes).
    Removing hardwareconfig.o(.revsh_text), (4 bytes).
    Removing hardwareconfig.o(.rrx_text), (6 bytes).
    Removing hardwareconfig.o(i.GY25_INIT), (16 bytes).
    Removing hardwareconfig.o(i.NVIC_Config_Usart3), (40 bytes).
    Removing hardwareconfig.o(i.USART3_INIT), (236 bytes).
    Removing hardwareconfig.o(i.USART_IT_Enable), (20 bytes).
    Removing hardwareconfig.o(i.delay_us), (20 bytes).
    Removing hardwareconfig.o(i.lcd_PrintCG), (30 bytes).
    Removing hardwareconfig.o(i.lcd_SetMode), (44 bytes).
    Removing hardwareconfig.o(i.lcd_WriteCG), (46 bytes).
    Removing hardwareconfig.o(i.lcd_int), (28 bytes).
    Removing hardwareconfig.o(i.read_gy25_pitch), (12 bytes).
    Removing hardwareconfig.o(i.read_gy25_roll), (12 bytes).
    Removing hardwareconfig.o(i.reset_encoderLR), (40 bytes).
    Removing robot.o(.rev16_text), (4 bytes).
    Removing robot.o(.revsh_text), (4 bytes).
    Removing robot.o(.rrx_text), (6 bytes).
    Removing robot.o(i.motor_left_rvs), (36 bytes).
    Removing robot.o(i.motor_right_rvs), (36 bytes).
    Removing movements.o(.rev16_text), (4 bytes).
    Removing movements.o(.revsh_text), (4 bytes).
    Removing movements.o(.rrx_text), (6 bytes).
    Removing movements.o(i.forward_enc_only_cm), (96 bytes).
    Removing movements.o(i.forward_upto_cm), (112 bytes).
    Removing movements.o(i.forward_upto_left), (124 bytes).
    Removing movements.o(i.forward_upto_leftright), (124 bytes).
    Removing movements.o(i.forward_upto_right), (124 bytes).
    Removing movements.o(i.left), (88 bytes).
    Removing movements.o(i.pause), (92 bytes).
    Removing movements.o(i.pause_ms), (72 bytes).
    Removing movements.o(i.right), (88 bytes).
    Removing movements.o(i.start_sensor_line_fast), (844 bytes).
    Removing movements.o(i.turn_enc_left), (116 bytes).
    Removing movements.o(i.turn_enc_right), (116 bytes).
    Removing movements.o(i.turn_gy25_left), (176 bytes).
    Removing movements.o(i.turn_gy25_right), (164 bytes).
    Removing movements.o(i.turn_left), (92 bytes).
    Removing movements.o(i.turn_right), (92 bytes).
    Removing misc.o(.rev16_text), (4 bytes).
    Removing misc.o(.revsh_text), (4 bytes).
    Removing misc.o(.rrx_text), (6 bytes).
    Removing misc.o(i.NVIC_SetVectorTable), (20 bytes).
    Removing misc.o(i.NVIC_SystemLPConfig), (32 bytes).
    Removing misc.o(i.SysTick_CLKSourceConfig), (40 bytes).
    Removing stm32f10x_adc.o(.rev16_text), (4 bytes).
    Removing stm32f10x_adc.o(.revsh_text), (4 bytes).
    Removing stm32f10x_adc.o(.rrx_text), (6 bytes).
    Removing stm32f10x_adc.o(i.ADC_AnalogWatchdogCmd), (20 bytes).
    Removing stm32f10x_adc.o(i.ADC_AnalogWatchdogSingleChannelConfig), (16 bytes).
    Removing stm32f10x_adc.o(i.ADC_AnalogWatchdogThresholdsConfig), (6 bytes).
    Removing stm32f10x_adc.o(i.ADC_AutoInjectedConvCmd), (22 bytes).
    Removing stm32f10x_adc.o(i.ADC_ClearFlag), (6 bytes).
    Removing stm32f10x_adc.o(i.ADC_ClearITPendingBit), (10 bytes).
    Removing stm32f10x_adc.o(i.ADC_DMACmd), (22 bytes).
    Removing stm32f10x_adc.o(i.ADC_DeInit), (92 bytes).
    Removing stm32f10x_adc.o(i.ADC_DiscModeChannelCountConfig), (24 bytes).
    Removing stm32f10x_adc.o(i.ADC_DiscModeCmd), (22 bytes).
    Removing stm32f10x_adc.o(i.ADC_ExternalTrigConvCmd), (22 bytes).
    Removing stm32f10x_adc.o(i.ADC_ExternalTrigInjectedConvCmd), (22 bytes).
    Removing stm32f10x_adc.o(i.ADC_ExternalTrigInjectedConvConfig), (16 bytes).
    Removing stm32f10x_adc.o(i.ADC_GetCalibrationStatus), (20 bytes).
    Removing stm32f10x_adc.o(i.ADC_GetDualModeConversionValue), (12 bytes).
    Removing stm32f10x_adc.o(i.ADC_GetITStatus), (36 bytes).
    Removing stm32f10x_adc.o(i.ADC_GetInjectedConversionValue), (28 bytes).
    Removing stm32f10x_adc.o(i.ADC_GetResetCalibrationStatus), (20 bytes).
    Removing stm32f10x_adc.o(i.ADC_GetSoftwareStartConvStatus), (20 bytes).
    Removing stm32f10x_adc.o(i.ADC_GetSoftwareStartInjectedConvCmdStatus), (20 bytes).
    Removing stm32f10x_adc.o(i.ADC_ITConfig), (24 bytes).
    Removing stm32f10x_adc.o(i.ADC_InjectedChannelConfig), (130 bytes).
    Removing stm32f10x_adc.o(i.ADC_InjectedDiscModeCmd), (22 bytes).
    Removing stm32f10x_adc.o(i.ADC_InjectedSequencerLengthConfig), (24 bytes).
    Removing stm32f10x_adc.o(i.ADC_ResetCalibration), (10 bytes).
    Removing stm32f10x_adc.o(i.ADC_SetInjectedOffset), (20 bytes).
    Removing stm32f10x_adc.o(i.ADC_SoftwareStartInjectedConvCmd), (22 bytes).
    Removing stm32f10x_adc.o(i.ADC_StartCalibration), (10 bytes).
    Removing stm32f10x_adc.o(i.ADC_TempSensorVrefintCmd), (36 bytes).
    Removing stm32f10x_dma.o(.rev16_text), (4 bytes).
    Removing stm32f10x_dma.o(.revsh_text), (4 bytes).
    Removing stm32f10x_dma.o(.rrx_text), (6 bytes).
    Removing stm32f10x_dma.o(i.DMA_ClearFlag), (28 bytes).
    Removing stm32f10x_dma.o(i.DMA_ClearITPendingBit), (28 bytes).
    Removing stm32f10x_dma.o(i.DMA_Cmd), (24 bytes).
    Removing stm32f10x_dma.o(i.DMA_DeInit), (332 bytes).
    Removing stm32f10x_dma.o(i.DMA_GetCurrDataCounter), (8 bytes).
    Removing stm32f10x_dma.o(i.DMA_GetFlagStatus), (44 bytes).
    Removing stm32f10x_dma.o(i.DMA_GetITStatus), (44 bytes).
    Removing stm32f10x_dma.o(i.DMA_ITConfig), (18 bytes).
    Removing stm32f10x_dma.o(i.DMA_Init), (60 bytes).
    Removing stm32f10x_dma.o(i.DMA_SetCurrDataCounter), (4 bytes).
    Removing stm32f10x_dma.o(i.DMA_StructInit), (26 bytes).
    Removing stm32f10x_exti.o(.rev16_text), (4 bytes).
    Removing stm32f10x_exti.o(.revsh_text), (4 bytes).
    Removing stm32f10x_exti.o(.rrx_text), (6 bytes).
    Removing stm32f10x_exti.o(i.EXTI_ClearFlag), (12 bytes).
    Removing stm32f10x_exti.o(i.EXTI_ClearITPendingBit), (12 bytes).
    Removing stm32f10x_exti.o(i.EXTI_DeInit), (36 bytes).
    Removing stm32f10x_exti.o(i.EXTI_GenerateSWInterrupt), (16 bytes).
    Removing stm32f10x_exti.o(i.EXTI_GetFlagStatus), (24 bytes).
    Removing stm32f10x_exti.o(i.EXTI_GetITStatus), (40 bytes).
    Removing stm32f10x_exti.o(i.EXTI_Init), (148 bytes).
    Removing stm32f10x_exti.o(i.EXTI_StructInit), (16 bytes).
    Removing stm32f10x_flash.o(.rev16_text), (4 bytes).
    Removing stm32f10x_flash.o(.revsh_text), (4 bytes).
    Removing stm32f10x_flash.o(.rrx_text), (6 bytes).
    Removing stm32f10x_flash.o(i.FLASH_EnableWriteProtection), (196 bytes).
    Removing stm32f10x_flash.o(i.FLASH_EraseAllBank1Pages), (72 bytes).
    Removing stm32f10x_flash.o(i.FLASH_EraseAllPages), (72 bytes).
    Removing stm32f10x_flash.o(i.FLASH_EraseOptionBytes), (168 bytes).
    Removing stm32f10x_flash.o(i.FLASH_GetFlagStatus), (48 bytes).
    Removing stm32f10x_flash.o(i.FLASH_GetPrefetchBufferStatus), (24 bytes).
    Removing stm32f10x_flash.o(i.FLASH_GetReadOutProtectionStatus), (24 bytes).
    Removing stm32f10x_flash.o(i.FLASH_GetStatus), (52 bytes).
    Removing stm32f10x_flash.o(i.FLASH_GetUserOptionByte), (12 bytes).
    Removing stm32f10x_flash.o(i.FLASH_GetWriteProtectionOptionByte), (12 bytes).
    Removing stm32f10x_flash.o(i.FLASH_HalfCycleAccessCmd), (28 bytes).
    Removing stm32f10x_flash.o(i.FLASH_ITConfig), (32 bytes).
    Removing stm32f10x_flash.o(i.FLASH_Lock), (20 bytes).
    Removing stm32f10x_flash.o(i.FLASH_LockBank1), (20 bytes).
    Removing stm32f10x_flash.o(i.FLASH_PrefetchBufferCmd), (28 bytes).
    Removing stm32f10x_flash.o(i.FLASH_ProgramOptionByteData), (84 bytes).
    Removing stm32f10x_flash.o(i.FLASH_ProgramWord), (108 bytes).
    Removing stm32f10x_flash.o(i.FLASH_ReadOutProtection), (172 bytes).
    Removing stm32f10x_flash.o(i.FLASH_SetLatency), (24 bytes).
    Removing stm32f10x_flash.o(i.FLASH_UnlockBank1), (24 bytes).
    Removing stm32f10x_flash.o(i.FLASH_UserOptionByteConfig), (104 bytes).
    Removing stm32f10x_flash.o(i.FLASH_WaitForLastBank1Operation), (38 bytes).
    Removing stm32f10x_gpio.o(.rev16_text), (4 bytes).
    Removing stm32f10x_gpio.o(.revsh_text), (4 bytes).
    Removing stm32f10x_gpio.o(.rrx_text), (6 bytes).
    Removing stm32f10x_gpio.o(i.GPIO_AFIODeInit), (20 bytes).
    Removing stm32f10x_gpio.o(i.GPIO_DeInit), (200 bytes).
    Removing stm32f10x_gpio.o(i.GPIO_ETH_MediaInterfaceConfig), (12 bytes).
    Removing stm32f10x_gpio.o(i.GPIO_EXTILineConfig), (64 bytes).
    Removing stm32f10x_gpio.o(i.GPIO_EventOutputCmd), (12 bytes).
    Removing stm32f10x_gpio.o(i.GPIO_EventOutputConfig), (32 bytes).
    Removing stm32f10x_gpio.o(i.GPIO_PinLockConfig), (18 bytes).
    Removing stm32f10x_gpio.o(i.GPIO_PinRemapConfig), (144 bytes).
    Removing stm32f10x_gpio.o(i.GPIO_ReadInputData), (8 bytes).
    Removing stm32f10x_gpio.o(i.GPIO_ReadOutputData), (8 bytes).
    Removing stm32f10x_gpio.o(i.GPIO_ReadOutputDataBit), (18 bytes).
    Removing stm32f10x_gpio.o(i.GPIO_StructInit), (16 bytes).
    Removing stm32f10x_gpio.o(i.GPIO_Write), (4 bytes).
    Removing stm32f10x_gpio.o(i.GPIO_WriteBit), (10 bytes).
    Removing stm32f10x_rcc.o(.rev16_text), (4 bytes).
    Removing stm32f10x_rcc.o(.revsh_text), (4 bytes).
    Removing stm32f10x_rcc.o(.rrx_text), (6 bytes).
    Removing stm32f10x_rcc.o(i.RCC_ADCCLKConfig), (24 bytes).
    Removing stm32f10x_rcc.o(i.RCC_AHBPeriphClockCmd), (32 bytes).
    Removing stm32f10x_rcc.o(i.RCC_APB1PeriphResetCmd), (32 bytes).
    Removing stm32f10x_rcc.o(i.RCC_APB2PeriphResetCmd), (32 bytes).
    Removing stm32f10x_rcc.o(i.RCC_AdjustHSICalibrationValue), (24 bytes).
    Removing stm32f10x_rcc.o(i.RCC_BackupResetCmd), (12 bytes).
    Removing stm32f10x_rcc.o(i.RCC_ClearFlag), (20 bytes).
    Removing stm32f10x_rcc.o(i.RCC_ClearITPendingBit), (12 bytes).
    Removing stm32f10x_rcc.o(i.RCC_ClockSecuritySystemCmd), (12 bytes).
    Removing stm32f10x_rcc.o(i.RCC_DeInit), (76 bytes).
    Removing stm32f10x_rcc.o(i.RCC_GetClocksFreq), (212 bytes).
    Removing stm32f10x_rcc.o(i.RCC_GetFlagStatus), (60 bytes).
    Removing stm32f10x_rcc.o(i.RCC_GetITStatus), (24 bytes).
    Removing stm32f10x_rcc.o(i.RCC_GetSYSCLKSource), (16 bytes).
    Removing stm32f10x_rcc.o(i.RCC_HCLKConfig), (24 bytes).
    Removing stm32f10x_rcc.o(i.RCC_HSEConfig), (76 bytes).
    Removing stm32f10x_rcc.o(i.RCC_HSICmd), (12 bytes).
    Removing stm32f10x_rcc.o(i.RCC_ITConfig), (32 bytes).
    Removing stm32f10x_rcc.o(i.RCC_LSEConfig), (52 bytes).
    Removing stm32f10x_rcc.o(i.RCC_LSICmd), (12 bytes).
    Removing stm32f10x_rcc.o(i.RCC_MCOConfig), (12 bytes).
    Removing stm32f10x_rcc.o(i.RCC_PCLK2Config), (24 bytes).
    Removing stm32f10x_rcc.o(i.RCC_PLLCmd), (12 bytes).
    Removing stm32f10x_rcc.o(i.RCC_PLLConfig), (28 bytes).
    Removing stm32f10x_rcc.o(i.RCC_RTCCLKCmd), (12 bytes).
    Removing stm32f10x_rcc.o(i.RCC_RTCCLKConfig), (16 bytes).
    Removing stm32f10x_rcc.o(i.RCC_SYSCLKConfig), (24 bytes).
    Removing stm32f10x_rcc.o(i.RCC_USBCLKConfig), (12 bytes).
    Removing stm32f10x_rcc.o(i.RCC_WaitForHSEStartUp), (56 bytes).
    Removing stm32f10x_rcc.o(.data), (20 bytes).
    Removing stm32f10x_tim.o(.rev16_text), (4 bytes).
    Removing stm32f10x_tim.o(.revsh_text), (4 bytes).
    Removing stm32f10x_tim.o(.rrx_text), (6 bytes).
    Removing stm32f10x_tim.o(i.TI1_Config), (128 bytes).
    Removing stm32f10x_tim.o(i.TI2_Config), (152 bytes).
    Removing stm32f10x_tim.o(i.TI3_Config), (144 bytes).
    Removing stm32f10x_tim.o(i.TI4_Config), (152 bytes).
    Removing stm32f10x_tim.o(i.TIM_ARRPreloadConfig), (24 bytes).
    Removing stm32f10x_tim.o(i.TIM_BDTRConfig), (32 bytes).
    Removing stm32f10x_tim.o(i.TIM_BDTRStructInit), (18 bytes).
    Removing stm32f10x_tim.o(i.TIM_CCPreloadControl), (24 bytes).
    Removing stm32f10x_tim.o(i.TIM_CCxNCmd), (30 bytes).
    Removing stm32f10x_tim.o(i.TIM_ClearFlag), (6 bytes).
    Removing stm32f10x_tim.o(i.TIM_ClearOC1Ref), (18 bytes).
    Removing stm32f10x_tim.o(i.TIM_ClearOC2Ref), (24 bytes).
    Removing stm32f10x_tim.o(i.TIM_ClearOC3Ref), (18 bytes).
    Removing stm32f10x_tim.o(i.TIM_ClearOC4Ref), (24 bytes).
    Removing stm32f10x_tim.o(i.TIM_CounterModeConfig), (18 bytes).
    Removing stm32f10x_tim.o(i.TIM_DMACmd), (18 bytes).
    Removing stm32f10x_tim.o(i.TIM_DMAConfig), (10 bytes).
    Removing stm32f10x_tim.o(i.TIM_DeInit), (488 bytes).
    Removing stm32f10x_tim.o(i.TIM_ETRClockMode1Config), (54 bytes).
    Removing stm32f10x_tim.o(i.TIM_ETRClockMode2Config), (32 bytes).
    Removing stm32f10x_tim.o(i.TIM_ETRConfig), (28 bytes).
    Removing stm32f10x_tim.o(i.TIM_EncoderInterfaceConfig), (66 bytes).
    Removing stm32f10x_tim.o(i.TIM_ForcedOC1Config), (18 bytes).
    Removing stm32f10x_tim.o(i.TIM_ForcedOC2Config), (26 bytes).
    Removing stm32f10x_tim.o(i.TIM_ForcedOC3Config), (18 bytes).
    Removing stm32f10x_tim.o(i.TIM_ForcedOC4Config), (26 bytes).
    Removing stm32f10x_tim.o(i.TIM_GenerateEvent), (4 bytes).
    Removing stm32f10x_tim.o(i.TIM_GetCapture1), (6 bytes).
    Removing stm32f10x_tim.o(i.TIM_GetCapture2), (6 bytes).
    Removing stm32f10x_tim.o(i.TIM_GetCapture3), (6 bytes).
    Removing stm32f10x_tim.o(i.TIM_GetCapture4), (8 bytes).
    Removing stm32f10x_tim.o(i.TIM_GetCounter), (6 bytes).
    Removing stm32f10x_tim.o(i.TIM_GetFlagStatus), (18 bytes).
    Removing stm32f10x_tim.o(i.TIM_GetPrescaler), (6 bytes).
    Removing stm32f10x_tim.o(i.TIM_ICInit), (172 bytes).
    Removing stm32f10x_tim.o(i.TIM_ICStructInit), (18 bytes).
    Removing stm32f10x_tim.o(i.TIM_ITRxExternalClockConfig), (24 bytes).
    Removing stm32f10x_tim.o(i.TIM_InternalClockConfig), (12 bytes).
    Removing stm32f10x_tim.o(i.TIM_OC1FastConfig), (18 bytes).
    Removing stm32f10x_tim.o(i.TIM_OC1NPolarityConfig), (18 bytes).
    Removing stm32f10x_tim.o(i.TIM_OC1PolarityConfig), (18 bytes).
    Removing stm32f10x_tim.o(i.TIM_OC2FastConfig), (26 bytes).
    Removing stm32f10x_tim.o(i.TIM_OC2NPolarityConfig), (26 bytes).
    Removing stm32f10x_tim.o(i.TIM_OC2PolarityConfig), (26 bytes).
    Removing stm32f10x_tim.o(i.TIM_OC3FastConfig), (18 bytes).
    Removing stm32f10x_tim.o(i.TIM_OC3Init), (160 bytes).
    Removing stm32f10x_tim.o(i.TIM_OC3NPolarityConfig), (26 bytes).
    Removing stm32f10x_tim.o(i.TIM_OC3PolarityConfig), (26 bytes).
    Removing stm32f10x_tim.o(i.TIM_OC3PreloadConfig), (18 bytes).
    Removing stm32f10x_tim.o(i.TIM_OC4FastConfig), (26 bytes).
    Removing stm32f10x_tim.o(i.TIM_OC4Init), (124 bytes).
    Removing stm32f10x_tim.o(i.TIM_OC4PolarityConfig), (26 bytes).
    Removing stm32f10x_tim.o(i.TIM_OC4PreloadConfig), (26 bytes).
    Removing stm32f10x_tim.o(i.TIM_PWMIConfig), (124 bytes).
    Removing stm32f10x_tim.o(i.TIM_PrescalerConfig), (6 bytes).
    Removing stm32f10x_tim.o(i.TIM_SelectCCDMA), (24 bytes).
    Removing stm32f10x_tim.o(i.TIM_SelectCOM), (24 bytes).
    Removing stm32f10x_tim.o(i.TIM_SelectHallSensor), (24 bytes).
    Removing stm32f10x_tim.o(i.TIM_SelectInputTrigger), (18 bytes).
    Removing stm32f10x_tim.o(i.TIM_SelectMasterSlaveMode), (18 bytes).
    Removing stm32f10x_tim.o(i.TIM_SelectOCxM), (82 bytes).
    Removing stm32f10x_tim.o(i.TIM_SelectOnePulseMode), (18 bytes).
    Removing stm32f10x_tim.o(i.TIM_SelectOutputTrigger), (18 bytes).
    Removing stm32f10x_tim.o(i.TIM_SelectSlaveMode), (18 bytes).
    Removing stm32f10x_tim.o(i.TIM_SetAutoreload), (4 bytes).
    Removing stm32f10x_tim.o(i.TIM_SetClockDivision), (18 bytes).
    Removing stm32f10x_tim.o(i.TIM_SetCompare3), (4 bytes).
    Removing stm32f10x_tim.o(i.TIM_SetCompare4), (6 bytes).
    Removing stm32f10x_tim.o(i.TIM_SetCounter), (4 bytes).
    Removing stm32f10x_tim.o(i.TIM_SetIC1Prescaler), (18 bytes).
    Removing stm32f10x_tim.o(i.TIM_SetIC2Prescaler), (26 bytes).
    Removing stm32f10x_tim.o(i.TIM_SetIC3Prescaler), (18 bytes).
    Removing stm32f10x_tim.o(i.TIM_SetIC4Prescaler), (26 bytes).
    Removing stm32f10x_tim.o(i.TIM_TIxExternalClockConfig), (62 bytes).
    Removing stm32f10x_tim.o(i.TIM_UpdateDisableConfig), (24 bytes).
    Removing stm32f10x_tim.o(i.TIM_UpdateRequestConfig), (24 bytes).
    Removing stm32f10x_usart.o(.rev16_text), (4 bytes).
    Removing stm32f10x_usart.o(.revsh_text), (4 bytes).
    Removing stm32f10x_usart.o(.rrx_text), (6 bytes).
    Removing stm32f10x_usart.o(i.USART_ClearFlag), (18 bytes).
    Removing stm32f10x_usart.o(i.USART_ClearITPendingBit), (30 bytes).
    Removing stm32f10x_usart.o(i.USART_ClockInit), (34 bytes).
    Removing stm32f10x_usart.o(i.USART_ClockStructInit), (12 bytes).
    Removing stm32f10x_usart.o(i.USART_Cmd), (24 bytes).
    Removing stm32f10x_usart.o(i.USART_DMACmd), (18 bytes).
    Removing stm32f10x_usart.o(i.USART_DeInit), (156 bytes).
    Removing stm32f10x_usart.o(i.USART_GetITStatus), (84 bytes).
    Removing stm32f10x_usart.o(i.USART_HalfDuplexCmd), (24 bytes).
    Removing stm32f10x_usart.o(i.USART_ITConfig), (74 bytes).
    Removing stm32f10x_usart.o(i.USART_Init), (216 bytes).
    Removing stm32f10x_usart.o(i.USART_IrDACmd), (24 bytes).
    Removing stm32f10x_usart.o(i.USART_IrDAConfig), (18 bytes).
    Removing stm32f10x_usart.o(i.USART_LINBreakDetectLengthConfig), (18 bytes).
    Removing stm32f10x_usart.o(i.USART_LINCmd), (24 bytes).
    Removing stm32f10x_usart.o(i.USART_OneBitMethodCmd), (24 bytes).
    Removing stm32f10x_usart.o(i.USART_OverSampling8Cmd), (22 bytes).
    Removing stm32f10x_usart.o(i.USART_ReceiveData), (10 bytes).
    Removing stm32f10x_usart.o(i.USART_ReceiverWakeUpCmd), (24 bytes).
    Removing stm32f10x_usart.o(i.USART_SendBreak), (10 bytes).
    Removing stm32f10x_usart.o(i.USART_SendData), (8 bytes).
    Removing stm32f10x_usart.o(i.USART_SetAddress), (18 bytes).
    Removing stm32f10x_usart.o(i.USART_SetGuardTime), (16 bytes).
    Removing stm32f10x_usart.o(i.USART_SetPrescaler), (16 bytes).
    Removing stm32f10x_usart.o(i.USART_SmartCardCmd), (24 bytes).
    Removing stm32f10x_usart.o(i.USART_SmartCardNACKCmd), (24 bytes).
    Removing stm32f10x_usart.o(i.USART_StructInit), (24 bytes).
    Removing stm32f10x_usart.o(i.USART_WakeUpConfig), (18 bytes).
    Removing dma_stm32f10x.o(.rev16_text), (4 bytes).
    Removing dma_stm32f10x.o(.revsh_text), (4 bytes).
    Removing dma_stm32f10x.o(.rrx_text), (6 bytes).
    Removing dma_stm32f10x.o(i.DMA_ChannelInitialize), (256 bytes).
    Removing dma_stm32f10x.o(i.DMA_ChannelUninitialize), (188 bytes).
    Removing dma_stm32f10x.o(i.NVIC_ClearPendingIRQ), (24 bytes).
    Removing dma_stm32f10x.o(i.NVIC_DisableIRQ), (24 bytes).
    Removing dma_stm32f10x.o(i.NVIC_EnableIRQ), (22 bytes).
    Removing dma_stm32f10x.o(.data), (1 bytes).
    Removing startup_stm32f10x_md.o(HEAP), (512 bytes).
    Removing system_stm32f10x.o(.rev16_text), (4 bytes).
    Removing system_stm32f10x.o(.revsh_text), (4 bytes).
    Removing system_stm32f10x.o(.rrx_text), (6 bytes).
    Removing system_stm32f10x.o(i.SystemCoreClockUpdate), (164 bytes).
    Removing dadd.o(.text), (334 bytes).
    Removing dmul.o(.text), (228 bytes).
    Removing ddiv.o(.text), (222 bytes).
    Removing dfixul.o(.text), (48 bytes).
    Removing cdrcmple.o(.text), (48 bytes).
    Removing depilogue.o(.text), (186 bytes).

310 unused section(s) (total 14393 bytes) removed from the image.

==============================================================================

Image Symbol Table

    Local Symbols

    Symbol Name                              Value     Ov Type        Size  Object(Section)

    ../clib/../cmprslib/zerorunl2.c          0x00000000   Number         0  __dczerorl2.o ABSOLUTE
    ../clib/microlib/division.c              0x00000000   Number         0  uidiv.o ABSOLUTE
    ../clib/microlib/division.c              0x00000000   Number         0  uldiv.o ABSOLUTE
    ../clib/microlib/init/entry.s            0x00000000   Number         0  entry10b.o ABSOLUTE
    ../clib/microlib/init/entry.s            0x00000000   Number         0  entry8a.o ABSOLUTE
    ../clib/microlib/init/entry.s            0x00000000   Number         0  entry8b.o ABSOLUTE
    ../clib/microlib/init/entry.s            0x00000000   Number         0  entry9a.o ABSOLUTE
    ../clib/microlib/init/entry.s            0x00000000   Number         0  entry11b.o ABSOLUTE
    ../clib/microlib/init/entry.s            0x00000000   Number         0  entry9b.o ABSOLUTE
    ../clib/microlib/init/entry.s            0x00000000   Number         0  entry11a.o ABSOLUTE
    ../clib/microlib/init/entry.s            0x00000000   Number         0  entry10a.o ABSOLUTE
    ../clib/microlib/init/entry.s            0x00000000   Number         0  entry2.o ABSOLUTE
    ../clib/microlib/init/entry.s            0x00000000   Number         0  entry.o ABSOLUTE
    ../clib/microlib/init/entry.s            0x00000000   Number         0  entry5.o ABSOLUTE
    ../clib/microlib/init/entry.s            0x00000000   Number         0  entry7a.o ABSOLUTE
    ../clib/microlib/init/entry.s            0x00000000   Number         0  entry7b.o ABSOLUTE
    ../clib/microlib/longlong.c              0x00000000   Number         0  llsshr.o ABSOLUTE
    ../clib/microlib/longlong.c              0x00000000   Number         0  llushr.o ABSOLUTE
    ../clib/microlib/longlong.c              0x00000000   Number         0  llshl.o ABSOLUTE
    ../clib/microlib/printf/printf.c         0x00000000   Number         0  printf2.o ABSOLUTE
    ../clib/microlib/printf/printf.c         0x00000000   Number         0  printf0.o ABSOLUTE
    ../clib/microlib/printf/printf.c         0x00000000   Number         0  printfa.o ABSOLUTE
    ../clib/microlib/printf/printf.c         0x00000000   Number         0  printf8.o ABSOLUTE
    ../clib/microlib/printf/printf.c         0x00000000   Number         0  printf7.o ABSOLUTE
    ../clib/microlib/printf/printf.c         0x00000000   Number         0  printf6.o ABSOLUTE
    ../clib/microlib/printf/printf.c         0x00000000   Number         0  printf5.o ABSOLUTE
    ../clib/microlib/printf/printf.c         0x00000000   Number         0  printf4.o ABSOLUTE
    ../clib/microlib/printf/printf.c         0x00000000   Number         0  printf3.o ABSOLUTE
    ../clib/microlib/printf/printf.c         0x00000000   Number         0  printf1.o ABSOLUTE
    ../clib/microlib/printf/printf.c         0x00000000   Number         0  printfb.o ABSOLUTE
    ../clib/microlib/printf/stubs.s          0x00000000   Number         0  stubs.o ABSOLUTE
    ../clib/microlib/stdio/fputc.c           0x00000000   Number         0  fputc.o ABSOLUTE
    ../clib/microlib/stdio/semi.s            0x00000000   Number         0  semi.o ABSOLUTE
    ../clib/microlib/stdio/streams.c         0x00000000   Number         0  stdout.o ABSOLUTE
    ../clib/microlib/string/memcpy.c         0x00000000   Number         0  memcpya.o ABSOLUTE
    ../clib/microlib/string/memcpy.c         0x00000000   Number         0  memcpyb.o ABSOLUTE
    ../clib/microlib/stubs.s                 0x00000000   Number         0  iusesemip.o ABSOLUTE
    ../clib/microlib/stubs.s                 0x00000000   Number         0  iusefp.o ABSOLUTE
    ../fplib/microlib/fpadd.c                0x00000000   Number         0  dadd.o ABSOLUTE
    ../fplib/microlib/fpdiv.c                0x00000000   Number         0  ddiv.o ABSOLUTE
    ../fplib/microlib/fpepilogue.c           0x00000000   Number         0  depilogue.o ABSOLUTE
    ../fplib/microlib/fpfix.c                0x00000000   Number         0  dfixul.o ABSOLUTE
    ../fplib/microlib/fpmul.c                0x00000000   Number         0  dmul.o ABSOLUTE
    C:\Keil_v5\ARM\PACK\Keil\STM32F1xx_DFP\2.2.0\Device\StdPeriph_Driver\src\misc.c 0x00000000   Number         0  misc.o ABSOLUTE
    C:\Keil_v5\ARM\PACK\Keil\STM32F1xx_DFP\2.2.0\Device\StdPeriph_Driver\src\stm32f10x_adc.c 0x00000000   Number         0  stm32f10x_adc.o ABSOLUTE
    C:\Keil_v5\ARM\PACK\Keil\STM32F1xx_DFP\2.2.0\Device\StdPeriph_Driver\src\stm32f10x_dma.c 0x00000000   Number         0  stm32f10x_dma.o ABSOLUTE
    C:\Keil_v5\ARM\PACK\Keil\STM32F1xx_DFP\2.2.0\Device\StdPeriph_Driver\src\stm32f10x_exti.c 0x00000000   Number         0  stm32f10x_exti.o ABSOLUTE
    C:\Keil_v5\ARM\PACK\Keil\STM32F1xx_DFP\2.2.0\Device\StdPeriph_Driver\src\stm32f10x_flash.c 0x00000000   Number         0  stm32f10x_flash.o ABSOLUTE
    C:\Keil_v5\ARM\PACK\Keil\STM32F1xx_DFP\2.2.0\Device\StdPeriph_Driver\src\stm32f10x_gpio.c 0x00000000   Number         0  stm32f10x_gpio.o ABSOLUTE
    C:\Keil_v5\ARM\PACK\Keil\STM32F1xx_DFP\2.2.0\Device\StdPeriph_Driver\src\stm32f10x_rcc.c 0x00000000   Number         0  stm32f10x_rcc.o ABSOLUTE
    C:\Keil_v5\ARM\PACK\Keil\STM32F1xx_DFP\2.2.0\Device\StdPeriph_Driver\src\stm32f10x_tim.c 0x00000000   Number         0  stm32f10x_tim.o ABSOLUTE
    C:\Keil_v5\ARM\PACK\Keil\STM32F1xx_DFP\2.2.0\Device\StdPeriph_Driver\src\stm32f10x_usart.c 0x00000000   Number         0  stm32f10x_usart.o ABSOLUTE
    C:\Keil_v5\ARM\PACK\Keil\STM32F1xx_DFP\2.2.0\RTE_Driver\DMA_STM32F10x.c 0x00000000   Number         0  dma_stm32f10x.o ABSOLUTE
    C:\\Keil_v5\\ARM\\PACK\\Keil\\STM32F1xx_DFP\\2.2.0\\Device\\StdPeriph_Driver\\src\\misc.c 0x00000000   Number         0  misc.o ABSOLUTE
    C:\\Keil_v5\\ARM\\PACK\\Keil\\STM32F1xx_DFP\\2.2.0\\Device\\StdPeriph_Driver\\src\\stm32f10x_adc.c 0x00000000   Number         0  stm32f10x_adc.o ABSOLUTE
    C:\\Keil_v5\\ARM\\PACK\\Keil\\STM32F1xx_DFP\\2.2.0\\Device\\StdPeriph_Driver\\src\\stm32f10x_dma.c 0x00000000   Number         0  stm32f10x_dma.o ABSOLUTE
    C:\\Keil_v5\\ARM\\PACK\\Keil\\STM32F1xx_DFP\\2.2.0\\Device\\StdPeriph_Driver\\src\\stm32f10x_exti.c 0x00000000   Number         0  stm32f10x_exti.o ABSOLUTE
    C:\\Keil_v5\\ARM\\PACK\\Keil\\STM32F1xx_DFP\\2.2.0\\Device\\StdPeriph_Driver\\src\\stm32f10x_flash.c 0x00000000   Number         0  stm32f10x_flash.o ABSOLUTE
    C:\\Keil_v5\\ARM\\PACK\\Keil\\STM32F1xx_DFP\\2.2.0\\Device\\StdPeriph_Driver\\src\\stm32f10x_gpio.c 0x00000000   Number         0  stm32f10x_gpio.o ABSOLUTE
    C:\\Keil_v5\\ARM\\PACK\\Keil\\STM32F1xx_DFP\\2.2.0\\Device\\StdPeriph_Driver\\src\\stm32f10x_rcc.c 0x00000000   Number         0  stm32f10x_rcc.o ABSOLUTE
    C:\\Keil_v5\\ARM\\PACK\\Keil\\STM32F1xx_DFP\\2.2.0\\Device\\StdPeriph_Driver\\src\\stm32f10x_tim.c 0x00000000   Number         0  stm32f10x_tim.o ABSOLUTE
    C:\\Keil_v5\\ARM\\PACK\\Keil\\STM32F1xx_DFP\\2.2.0\\Device\\StdPeriph_Driver\\src\\stm32f10x_usart.c 0x00000000   Number         0  stm32f10x_usart.o ABSOLUTE
    C:\\Keil_v5\\ARM\\PACK\\Keil\\STM32F1xx_DFP\\2.2.0\\RTE_Driver\\DMA_STM32F10x.c 0x00000000   Number         0  dma_stm32f10x.o ABSOLUTE
    RTE\Device\STM32F103C8\startup_stm32f10x_md.s 0x00000000   Number         0  startup_stm32f10x_md.o ABSOLUTE
    RTE\Device\STM32F103C8\system_stm32f10x.c 0x00000000   Number         0  system_stm32f10x.o ABSOLUTE
    RTE\\Device\\STM32F103C8\\system_stm32f10x.c 0x00000000   Number         0  system_stm32f10x.o ABSOLUTE
    cdrcmple.s                               0x00000000   Number         0  cdrcmple.o ABSOLUTE
    dc.s                                     0x00000000   Number         0  dc.o ABSOLUTE
    handlers.s                               0x00000000   Number         0  handlers.o ABSOLUTE
    hardwareconfig.c                         0x00000000   Number         0  hardwareconfig.o ABSOLUTE
    hardwareconfig.c                         0x00000000   Number         0  hardwareconfig.o ABSOLUTE
    init.s                                   0x00000000   Number         0  init.o ABSOLUTE
    main.c                                   0x00000000   Number         0  main.o ABSOLUTE
    main.c                                   0x00000000   Number         0  main.o ABSOLUTE
    movements.c                              0x00000000   Number         0  movements.o ABSOLUTE
    movements.c                              0x00000000   Number         0  movements.o ABSOLUTE
    robot.c                                  0x00000000   Number         0  robot.o ABSOLUTE
    robot.c                                  0x00000000   Number         0  robot.o ABSOLUTE
    RESET                                    0x08000000   Section      236  startup_stm32f10x_md.o(RESET)
    .ARM.Collect$$$$00000000                 0x080000ec   Section        0  entry.o(.ARM.Collect$$$$00000000)
    .ARM.Collect$$$$00000001                 0x080000ec   Section        4  entry2.o(.ARM.Collect$$$$00000001)
    .ARM.Collect$$$$00000004                 0x080000f0   Section        4  entry5.o(.ARM.Collect$$$$00000004)
    .ARM.Collect$$$$00000008                 0x080000f4   Section        0  entry7b.o(.ARM.Collect$$$$00000008)
    .ARM.Collect$$$$0000000A                 0x080000f4   Section        0  entry8b.o(.ARM.Collect$$$$0000000A)
    .ARM.Collect$$$$0000000B                 0x080000f4   Section        8  entry9a.o(.ARM.Collect$$$$0000000B)
    .ARM.Collect$$$$0000000D                 0x080000fc   Section        0  entry10a.o(.ARM.Collect$$$$0000000D)
    .ARM.Collect$$$$0000000F                 0x080000fc   Section        0  entry11a.o(.ARM.Collect$$$$0000000F)
    .ARM.Collect$$$$00002712                 0x080000fc   Section        4  entry2.o(.ARM.Collect$$$$00002712)
    __lit__00000000                          0x080000fc   Data           4  entry2.o(.ARM.Collect$$$$00002712)
    .text                                    0x08000100   Section       36  startup_stm32f10x_md.o(.text)
    .text                                    0x08000124   Section        0  memcpya.o(.text)
    .text                                    0x08000148   Section        0  uidiv.o(.text)
    .text                                    0x08000174   Section       36  init.o(.text)
    .text                                    0x08000198   Section        0  __dczerorl2.o(.text)
    i.ADC_Cmd                                0x080001ee   Section        0  stm32f10x_adc.o(i.ADC_Cmd)
    i.ADC_GetConversionValue                 0x08000204   Section        0  stm32f10x_adc.o(i.ADC_GetConversionValue)
    i.ADC_GetFlagStatus                      0x0800020c   Section        0  stm32f10x_adc.o(i.ADC_GetFlagStatus)
    i.ADC_INIT                               0x08000220   Section        0  hardwareconfig.o(i.ADC_INIT)
    i.ADC_Init                               0x080002b4   Section        0  stm32f10x_adc.o(i.ADC_Init)
    i.ADC_RegularChannelConfig               0x08000304   Section        0  stm32f10x_adc.o(i.ADC_RegularChannelConfig)
    i.ADC_SoftwareStartConvCmd               0x080003bc   Section        0  stm32f10x_adc.o(i.ADC_SoftwareStartConvCmd)
    i.ADC_StructInit                         0x080003d2   Section        0  stm32f10x_adc.o(i.ADC_StructInit)
    i.BUTTON_INIT                            0x080003e4   Section        0  robot.o(i.BUTTON_INIT)
    i.BUZZER_INIT                            0x08000410   Section        0  robot.o(i.BUZZER_INIT)
    i.DMA1_Channel1_Event                    0x08000444   Section        0  dma_stm32f10x.o(i.DMA1_Channel1_Event)
    i.DMA1_Channel1_IRQHandler               0x08000448   Section        0  dma_stm32f10x.o(i.DMA1_Channel1_IRQHandler)
    i.DMA1_Channel2_Event                    0x08000464   Section        0  dma_stm32f10x.o(i.DMA1_Channel2_Event)
    i.DMA1_Channel2_IRQHandler               0x08000468   Section        0  dma_stm32f10x.o(i.DMA1_Channel2_IRQHandler)
    i.DMA1_Channel3_Event                    0x08000484   Section        0  dma_stm32f10x.o(i.DMA1_Channel3_Event)
    i.DMA1_Channel3_IRQHandler               0x08000488   Section        0  dma_stm32f10x.o(i.DMA1_Channel3_IRQHandler)
    i.DMA1_Channel4_Event                    0x080004a4   Section        0  dma_stm32f10x.o(i.DMA1_Channel4_Event)
    i.DMA1_Channel4_IRQHandler               0x080004a8   Section        0  dma_stm32f10x.o(i.DMA1_Channel4_IRQHandler)
    i.DMA1_Channel5_Event                    0x080004c4   Section        0  dma_stm32f10x.o(i.DMA1_Channel5_Event)
    i.DMA1_Channel5_IRQHandler               0x080004c8   Section        0  dma_stm32f10x.o(i.DMA1_Channel5_IRQHandler)
    i.DMA1_Channel6_Event                    0x080004e4   Section        0  dma_stm32f10x.o(i.DMA1_Channel6_Event)
    i.DMA1_Channel6_IRQHandler               0x080004e8   Section        0  dma_stm32f10x.o(i.DMA1_Channel6_IRQHandler)
    i.DMA1_Channel7_Event                    0x08000504   Section        0  dma_stm32f10x.o(i.DMA1_Channel7_Event)
    i.DMA1_Channel7_IRQHandler               0x08000508   Section        0  dma_stm32f10x.o(i.DMA1_Channel7_IRQHandler)
    i.DRIVERMOTOR_INIT                       0x08000524   Section        0  robot.o(i.DRIVERMOTOR_INIT)
    i.ENCODER_INIT                           0x08000550   Section        0  hardwareconfig.o(i.ENCODER_INIT)
    i.Enc_Nvic_Config                        0x08000560   Section        0  hardwareconfig.o(i.Enc_Nvic_Config)
    i.Enc_Pin_Config                         0x08000588   Section        0  hardwareconfig.o(i.Enc_Pin_Config)
    i.Enc_Tim_Config                         0x080005d8   Section        0  hardwareconfig.o(i.Enc_Tim_Config)
    i.FEE_Erase                              0x08000624   Section        0  hardwareconfig.o(i.FEE_Erase)
    i.FEE_Init                               0x08000640   Section        0  hardwareconfig.o(i.FEE_Init)
    i.FEE_ReadDataByte                       0x08000654   Section        0  hardwareconfig.o(i.FEE_ReadDataByte)
    i.FEE_WriteDataByte                      0x08000664   Section        0  hardwareconfig.o(i.FEE_WriteDataByte)
    i.FLASH_ClearFlag                        0x08000724   Section        0  stm32f10x_flash.o(i.FLASH_ClearFlag)
    i.FLASH_ErasePage                        0x08000730   Section        0  stm32f10x_flash.o(i.FLASH_ErasePage)
    i.FLASH_GetBank1Status                   0x0800077c   Section        0  stm32f10x_flash.o(i.FLASH_GetBank1Status)
    i.FLASH_ProgramHalfWord                  0x080007b0   Section        0  stm32f10x_flash.o(i.FLASH_ProgramHalfWord)
    i.FLASH_Unlock                           0x080007f0   Section        0  stm32f10x_flash.o(i.FLASH_Unlock)
    i.FLASH_WaitForLastOperation             0x08000808   Section        0  stm32f10x_flash.o(i.FLASH_WaitForLastOperation)
    i.GPIO_Init                              0x0800082e   Section        0  stm32f10x_gpio.o(i.GPIO_Init)
    i.GPIO_ReadInputDataBit                  0x08000944   Section        0  stm32f10x_gpio.o(i.GPIO_ReadInputDataBit)
    i.GPIO_ResetBits                         0x08000956   Section        0  stm32f10x_gpio.o(i.GPIO_ResetBits)
    i.GPIO_SetBits                           0x0800095a   Section        0  stm32f10x_gpio.o(i.GPIO_SetBits)
    i.HARDWARECONFIG_INIT                    0x0800095e   Section        0  hardwareconfig.o(i.HARDWARECONFIG_INIT)
    i.LCDLED_INIT                            0x08000978   Section        0  robot.o(i.LCDLED_INIT)
    i.LCD_INIT                               0x080009ac   Section        0  hardwareconfig.o(i.LCD_INIT)
    i.NVIC_Init                              0x080009e4   Section        0  misc.o(i.NVIC_Init)
    i.NVIC_PriorityGroupConfig               0x08000a54   Section        0  misc.o(i.NVIC_PriorityGroupConfig)
    i.PWM_INIT                               0x08000a68   Section        0  hardwareconfig.o(i.PWM_INIT)
    i.RCC_APB1PeriphClockCmd                 0x08000b38   Section        0  stm32f10x_rcc.o(i.RCC_APB1PeriphClockCmd)
    i.RCC_APB2PeriphClockCmd                 0x08000b58   Section        0  stm32f10x_rcc.o(i.RCC_APB2PeriphClockCmd)
    i.RCC_PCLK1Config                        0x08000b78   Section        0  stm32f10x_rcc.o(i.RCC_PCLK1Config)
    i.ROBOT_INIT                             0x08000b90   Section        0  robot.o(i.ROBOT_INIT)
    i.SYSTICK_INIT                           0x08000ba4   Section        0  hardwareconfig.o(i.SYSTICK_INIT)
    i.SetSysClock                            0x08000c0c   Section        0  system_stm32f10x.o(i.SetSysClock)
    SetSysClock                              0x08000c0d   Thumb Code     8  system_stm32f10x.o(i.SetSysClock)
    i.SetSysClockTo72                        0x08000c14   Section        0  system_stm32f10x.o(i.SetSysClockTo72)
    SetSysClockTo72                          0x08000c15   Thumb Code   214  system_stm32f10x.o(i.SetSysClockTo72)
    i.SysTick_Handler                        0x08000cf4   Section        0  hardwareconfig.o(i.SysTick_Handler)
    i.SystemInit                             0x08000cfc   Section        0  system_stm32f10x.o(i.SystemInit)
    i.TIM4_IRQHandler                        0x08000d5c   Section        0  hardwareconfig.o(i.TIM4_IRQHandler)
    i.TIM_CCxCmd                             0x08000dfc   Section        0  stm32f10x_tim.o(i.TIM_CCxCmd)
    i.TIM_ClearITPendingBit                  0x08000e1a   Section        0  stm32f10x_tim.o(i.TIM_ClearITPendingBit)
    i.TIM_Cmd                                0x08000e20   Section        0  stm32f10x_tim.o(i.TIM_Cmd)
    i.TIM_CtrlPWMOutputs                     0x08000e38   Section        0  stm32f10x_tim.o(i.TIM_CtrlPWMOutputs)
    i.TIM_GetITStatus                        0x08000e56   Section        0  stm32f10x_tim.o(i.TIM_GetITStatus)
    i.TIM_ITConfig                           0x08000e78   Section        0  stm32f10x_tim.o(i.TIM_ITConfig)
    i.TIM_OC1Init                            0x08000e8c   Section        0  stm32f10x_tim.o(i.TIM_OC1Init)
    i.TIM_OC1PreloadConfig                   0x08000f24   Section        0  stm32f10x_tim.o(i.TIM_OC1PreloadConfig)
    i.TIM_OC2Init                            0x08000f38   Section        0  stm32f10x_tim.o(i.TIM_OC2Init)
    i.TIM_OC2PreloadConfig                   0x08000fdc   Section        0  stm32f10x_tim.o(i.TIM_OC2PreloadConfig)
    i.TIM_OCStructInit                       0x08000ff6   Section        0  stm32f10x_tim.o(i.TIM_OCStructInit)
    i.TIM_SetCompare1                        0x0800100a   Section        0  stm32f10x_tim.o(i.TIM_SetCompare1)
    i.TIM_SetCompare2                        0x0800100e   Section        0  stm32f10x_tim.o(i.TIM_SetCompare2)
    i.TIM_TimeBaseInit                       0x08001014   Section        0  stm32f10x_tim.o(i.TIM_TimeBaseInit)
    i.TIM_TimeBaseStructInit                 0x080010b8   Section        0  stm32f10x_tim.o(i.TIM_TimeBaseStructInit)
    i.TimeTick_Decrement                     0x080010cc   Section        0  hardwareconfig.o(i.TimeTick_Decrement)
    i.USART3_IRQHandler                      0x080010e4   Section        0  hardwareconfig.o(i.USART3_IRQHandler)
    i.USART_GetFlagStatus                    0x080011f4   Section        0  stm32f10x_usart.o(i.USART_GetFlagStatus)
    i.__0sprintf$1                           0x08001210   Section        0  printf1.o(i.__0sprintf$1)
    i.__scatterload_copy                     0x08001238   Section       14  handlers.o(i.__scatterload_copy)
    i.__scatterload_null                     0x08001246   Section        2  handlers.o(i.__scatterload_null)
    i.__scatterload_zeroinit                 0x08001248   Section       14  handlers.o(i.__scatterload_zeroinit)
    i._printf_core                           0x08001258   Section        0  printf1.o(i._printf_core)
    _printf_core                             0x08001259   Thumb Code   336  printf1.o(i._printf_core)
    i._sputc                                 0x080013ac   Section        0  printf1.o(i._sputc)
    _sputc                                   0x080013ad   Thumb Code    10  printf1.o(i._sputc)
    i.buzzer                                 0x080013b8   Section        0  robot.o(i.buzzer)
    i.calib_sensor_line                      0x080013d8   Section        0  movements.o(i.calib_sensor_line)
    i.calibration                            0x080014e4   Section        0  movements.o(i.calibration)
    i.delay_1ms                              0x0800157c   Section        0  hardwareconfig.o(i.delay_1ms)
    i.delay_ms                               0x08001594   Section        0  hardwareconfig.o(i.delay_ms)
    i.finish                                 0x080015a8   Section        0  movements.o(i.finish)
    i.forward_upto_white                     0x080015f4   Section        0  movements.o(i.forward_upto_white)
    i.lcd_Clk                                0x08001654   Section        0  hardwareconfig.o(i.lcd_Clk)
    i.lcd_Cmd                                0x08001674   Section        0  hardwareconfig.o(i.lcd_Cmd)
    i.lcd_Data                               0x08001728   Section        0  hardwareconfig.o(i.lcd_Data)
    i.lcd_Delay                              0x080017dc   Section        0  hardwareconfig.o(i.lcd_Delay)
    i.lcd_InitIO                             0x080017ec   Section        0  hardwareconfig.o(i.lcd_InitIO)
    i.lcd_InitSequens                        0x0800185c   Section        0  hardwareconfig.o(i.lcd_InitSequens)
    i.lcd_PinHi                              0x080018c0   Section        0  hardwareconfig.o(i.lcd_PinHi)
    i.lcd_PinLo                              0x080018e0   Section        0  hardwareconfig.o(i.lcd_PinLo)
    i.lcd_clear                              0x08001900   Section        0  hardwareconfig.o(i.lcd_clear)
    i.lcd_gotoxy                             0x08001912   Section        0  hardwareconfig.o(i.lcd_gotoxy)
    i.lcd_led                                0x08001938   Section        0  robot.o(i.lcd_led)
    i.lcd_putsf                              0x0800195c   Section        0  hardwareconfig.o(i.lcd_putsf)
    i.main                                   0x08001974   Section        0  main.o(i.main)
    i.motor_left_fwd                         0x08001b78   Section        0  robot.o(i.motor_left_fwd)
    i.motor_left_stop                        0x08001b9c   Section        0  robot.o(i.motor_left_stop)
    i.motor_right_fwd                        0x08001bc0   Section        0  robot.o(i.motor_right_fwd)
    i.motor_right_stop                       0x08001be4   Section        0  robot.o(i.motor_right_stop)
    i.pwma                                   0x08001c08   Section        0  hardwareconfig.o(i.pwma)
    i.pwmb                                   0x08001c1c   Section        0  hardwareconfig.o(i.pwmb)
    i.read_adc                               0x08001c30   Section        0  hardwareconfig.o(i.read_adc)
    i.read_adc_dig                           0x08001d04   Section        0  movements.o(i.read_adc_dig)
    i.read_combutton                         0x08001d7c   Section        0  robot.o(i.read_combutton)
    i.read_eeprom                            0x08001d90   Section        0  movements.o(i.read_eeprom)
    i.read_encoderL                          0x08001dcc   Section        0  hardwareconfig.o(i.read_encoderL)
    i.read_encoderR                          0x08001dd8   Section        0  hardwareconfig.o(i.read_encoderR)
    i.read_gy25_yaw                          0x08001de4   Section        0  hardwareconfig.o(i.read_gy25_yaw)
    i.read_startbutton                       0x08001df0   Section        0  robot.o(i.read_startbutton)
    i.start_sensor_line_slow                 0x08001e04   Section        0  movements.o(i.start_sensor_line_slow)
    .data                                    0x20000000   Section      156  hardwareconfig.o(.data)
    sysTickCounter                           0x20000098   Data           4  hardwareconfig.o(.data)
    .data                                    0x2000009c   Section      128  movements.o(.data)
    .data                                    0x2000011c   Section       20  system_stm32f10x.o(.data)
    .bss                                     0x20000130   Section       16  main.o(.bss)
    .bss                                     0x20000140   Section     1036  hardwareconfig.o(.bss)
    .bss                                     0x2000054c   Section      176  movements.o(.bss)
    STACK                                    0x20000600   Section     1024  startup_stm32f10x_md.o(STACK)

    Global Symbols

    Symbol Name                              Value     Ov Type        Size  Object(Section)

    BuildAttributes$$THM_ISAv4$P$D$K$B$S$PE$A:L22UL41UL21$X:L11$S22US41US21$IEEE1$IW$USESV6$~STKCKD$USESV7$~SHL$OSPACE$ROPI$EBA8$MICROLIB$REQ8$PRES8$EABIv2 0x00000000   Number         0  anon$$obj.o ABSOLUTE
    __ARM_use_no_argv                        0x00000000   Number         0  main.o ABSOLUTE
    _printf_a                                0x00000000   Number         0  stubs.o ABSOLUTE
    _printf_c                                0x00000000   Number         0  stubs.o ABSOLUTE
    _printf_charcount                        0x00000000   Number         0  stubs.o ABSOLUTE
    _printf_d                                0x00000000   Number         0  stubs.o ABSOLUTE
    _printf_e                                0x00000000   Number         0  stubs.o ABSOLUTE
    _printf_f                                0x00000000   Number         0  stubs.o ABSOLUTE
    _printf_flags                            0x00000000   Number         0  stubs.o ABSOLUTE
    _printf_fp_dec                           0x00000000   Number         0  stubs.o ABSOLUTE
    _printf_fp_hex                           0x00000000   Number         0  stubs.o ABSOLUTE
    _printf_g                                0x00000000   Number         0  stubs.o ABSOLUTE
    _printf_i                                0x00000000   Number         0  stubs.o ABSOLUTE
    _printf_int_dec                          0x00000000   Number         0  stubs.o ABSOLUTE
    _printf_l                                0x00000000   Number         0  stubs.o ABSOLUTE
    _printf_lc                               0x00000000   Number         0  stubs.o ABSOLUTE
    _printf_ll                               0x00000000   Number         0  stubs.o ABSOLUTE
    _printf_lld                              0x00000000   Number         0  stubs.o ABSOLUTE
    _printf_lli                              0x00000000   Number         0  stubs.o ABSOLUTE
    _printf_llo                              0x00000000   Number         0  stubs.o ABSOLUTE
    _printf_llu                              0x00000000   Number         0  stubs.o ABSOLUTE
    _printf_llx                              0x00000000   Number         0  stubs.o ABSOLUTE
    _printf_longlong_dec                     0x00000000   Number         0  stubs.o ABSOLUTE
    _printf_longlong_hex                     0x00000000   Number         0  stubs.o ABSOLUTE
    _printf_longlong_oct                     0x00000000   Number         0  stubs.o ABSOLUTE
    _printf_ls                               0x00000000   Number         0  stubs.o ABSOLUTE
    _printf_mbtowc                           0x00000000   Number         0  stubs.o ABSOLUTE
    _printf_n                                0x00000000   Number         0  stubs.o ABSOLUTE
    _printf_o                                0x00000000   Number         0  stubs.o ABSOLUTE
    _printf_p                                0x00000000   Number         0  stubs.o ABSOLUTE
    _printf_percent                          0x00000000   Number         0  stubs.o ABSOLUTE
    _printf_pre_padding                      0x00000000   Number         0  stubs.o ABSOLUTE
    _printf_return_value                     0x00000000   Number         0  stubs.o ABSOLUTE
    _printf_s                                0x00000000   Number         0  stubs.o ABSOLUTE
    _printf_sizespec                         0x00000000   Number         0  stubs.o ABSOLUTE
    _printf_str                              0x00000000   Number         0  stubs.o ABSOLUTE
    _printf_truncate_signed                  0x00000000   Number         0  stubs.o ABSOLUTE
    _printf_truncate_unsigned                0x00000000   Number         0  stubs.o ABSOLUTE
    _printf_u                                0x00000000   Number         0  stubs.o ABSOLUTE
    _printf_wc                               0x00000000   Number         0  stubs.o ABSOLUTE
    _printf_wctomb                           0x00000000   Number         0  stubs.o ABSOLUTE
    _printf_widthprec                        0x00000000   Number         0  stubs.o ABSOLUTE
    _printf_x                                0x00000000   Number         0  stubs.o ABSOLUTE
    __cpp_initialize__aeabi_                  - Undefined Weak Reference
    __cxa_finalize                            - Undefined Weak Reference
    _clock_init                               - Undefined Weak Reference
    _microlib_exit                            - Undefined Weak Reference
    __Vectors_Size                           0x000000ec   Number         0  startup_stm32f10x_md.o ABSOLUTE
    __Vectors                                0x08000000   Data           4  startup_stm32f10x_md.o(RESET)
    __Vectors_End                            0x080000ec   Data           0  startup_stm32f10x_md.o(RESET)
    __main                                   0x080000ed   Thumb Code     0  entry.o(.ARM.Collect$$$$00000000)
    _main_stk                                0x080000ed   Thumb Code     0  entry2.o(.ARM.Collect$$$$00000001)
    _main_scatterload                        0x080000f1   Thumb Code     0  entry5.o(.ARM.Collect$$$$00000004)
    __main_after_scatterload                 0x080000f5   Thumb Code     0  entry5.o(.ARM.Collect$$$$00000004)
    _main_clock                              0x080000f5   Thumb Code     0  entry7b.o(.ARM.Collect$$$$00000008)
    _main_cpp_init                           0x080000f5   Thumb Code     0  entry8b.o(.ARM.Collect$$$$0000000A)
    _main_init                               0x080000f5   Thumb Code     0  entry9a.o(.ARM.Collect$$$$0000000B)
    __rt_final_cpp                           0x080000fd   Thumb Code     0  entry10a.o(.ARM.Collect$$$$0000000D)
    __rt_final_exit                          0x080000fd   Thumb Code     0  entry11a.o(.ARM.Collect$$$$0000000F)
    Reset_Handler                            0x08000101   Thumb Code     8  startup_stm32f10x_md.o(.text)
    NMI_Handler                              0x08000109   Thumb Code     2  startup_stm32f10x_md.o(.text)
    HardFault_Handler                        0x0800010b   Thumb Code     2  startup_stm32f10x_md.o(.text)
    MemManage_Handler                        0x0800010d   Thumb Code     2  startup_stm32f10x_md.o(.text)
    BusFault_Handler                         0x0800010f   Thumb Code     2  startup_stm32f10x_md.o(.text)
    UsageFault_Handler                       0x08000111   Thumb Code     2  startup_stm32f10x_md.o(.text)
    SVC_Handler                              0x08000113   Thumb Code     2  startup_stm32f10x_md.o(.text)
    DebugMon_Handler                         0x08000115   Thumb Code     2  startup_stm32f10x_md.o(.text)
    PendSV_Handler                           0x08000117   Thumb Code     2  startup_stm32f10x_md.o(.text)
    ADC1_2_IRQHandler                        0x0800011b   Thumb Code     0  startup_stm32f10x_md.o(.text)
    CAN1_RX1_IRQHandler                      0x0800011b   Thumb Code     0  startup_stm32f10x_md.o(.text)
    CAN1_SCE_IRQHandler                      0x0800011b   Thumb Code     0  startup_stm32f10x_md.o(.text)
    EXTI0_IRQHandler                         0x0800011b   Thumb Code     0  startup_stm32f10x_md.o(.text)
    EXTI15_10_IRQHandler                     0x0800011b   Thumb Code     0  startup_stm32f10x_md.o(.text)
    EXTI1_IRQHandler                         0x0800011b   Thumb Code     0  startup_stm32f10x_md.o(.text)
    EXTI2_IRQHandler                         0x0800011b   Thumb Code     0  startup_stm32f10x_md.o(.text)
    EXTI3_IRQHandler                         0x0800011b   Thumb Code     0  startup_stm32f10x_md.o(.text)
    EXTI4_IRQHandler                         0x0800011b   Thumb Code     0  startup_stm32f10x_md.o(.text)
    EXTI9_5_IRQHandler                       0x0800011b   Thumb Code     0  startup_stm32f10x_md.o(.text)
    FLASH_IRQHandler                         0x0800011b   Thumb Code     0  startup_stm32f10x_md.o(.text)
    I2C1_ER_IRQHandler                       0x0800011b   Thumb Code     0  startup_stm32f10x_md.o(.text)
    I2C1_EV_IRQHandler                       0x0800011b   Thumb Code     0  startup_stm32f10x_md.o(.text)
    I2C2_ER_IRQHandler                       0x0800011b   Thumb Code     0  startup_stm32f10x_md.o(.text)
    I2C2_EV_IRQHandler                       0x0800011b   Thumb Code     0  startup_stm32f10x_md.o(.text)
    PVD_IRQHandler                           0x0800011b   Thumb Code     0  startup_stm32f10x_md.o(.text)
    RCC_IRQHandler                           0x0800011b   Thumb Code     0  startup_stm32f10x_md.o(.text)
    RTCAlarm_IRQHandler                      0x0800011b   Thumb Code     0  startup_stm32f10x_md.o(.text)
    RTC_IRQHandler                           0x0800011b   Thumb Code     0  startup_stm32f10x_md.o(.text)
    SPI1_IRQHandler                          0x0800011b   Thumb Code     0  startup_stm32f10x_md.o(.text)
    SPI2_IRQHandler                          0x0800011b   Thumb Code     0  startup_stm32f10x_md.o(.text)
    TAMPER_IRQHandler                        0x0800011b   Thumb Code     0  startup_stm32f10x_md.o(.text)
    TIM1_BRK_IRQHandler                      0x0800011b   Thumb Code     0  startup_stm32f10x_md.o(.text)
    TIM1_CC_IRQHandler                       0x0800011b   Thumb Code     0  startup_stm32f10x_md.o(.text)
    TIM1_TRG_COM_IRQHandler                  0x0800011b   Thumb Code     0  startup_stm32f10x_md.o(.text)
    TIM1_UP_IRQHandler                       0x0800011b   Thumb Code     0  startup_stm32f10x_md.o(.text)
    TIM2_IRQHandler                          0x0800011b   Thumb Code     0  startup_stm32f10x_md.o(.text)
    TIM3_IRQHandler                          0x0800011b   Thumb Code     0  startup_stm32f10x_md.o(.text)
    USART1_IRQHandler                        0x0800011b   Thumb Code     0  startup_stm32f10x_md.o(.text)
    USART2_IRQHandler                        0x0800011b   Thumb Code     0  startup_stm32f10x_md.o(.text)
    USBWakeUp_IRQHandler                     0x0800011b   Thumb Code     0  startup_stm32f10x_md.o(.text)
    USB_HP_CAN1_TX_IRQHandler                0x0800011b   Thumb Code     0  startup_stm32f10x_md.o(.text)
    USB_LP_CAN1_RX0_IRQHandler               0x0800011b   Thumb Code     0  startup_stm32f10x_md.o(.text)
    WWDG_IRQHandler                          0x0800011b   Thumb Code     0  startup_stm32f10x_md.o(.text)
    __aeabi_memcpy                           0x08000125   Thumb Code    36  memcpya.o(.text)
    __aeabi_memcpy4                          0x08000125   Thumb Code     0  memcpya.o(.text)
    __aeabi_memcpy8                          0x08000125   Thumb Code     0  memcpya.o(.text)
    __aeabi_uidiv                            0x08000149   Thumb Code     0  uidiv.o(.text)
    __aeabi_uidivmod                         0x08000149   Thumb Code    44  uidiv.o(.text)
    __scatterload                            0x08000175   Thumb Code    28  init.o(.text)
    __scatterload_rt2                        0x08000175   Thumb Code     0  init.o(.text)
    __decompress                             0x08000199   Thumb Code     0  __dczerorl2.o(.text)
    __decompress1                            0x08000199   Thumb Code    86  __dczerorl2.o(.text)
    ADC_Cmd                                  0x080001ef   Thumb Code    22  stm32f10x_adc.o(i.ADC_Cmd)
    ADC_GetConversionValue                   0x08000205   Thumb Code     8  stm32f10x_adc.o(i.ADC_GetConversionValue)
    ADC_GetFlagStatus                        0x0800020d   Thumb Code    18  stm32f10x_adc.o(i.ADC_GetFlagStatus)
    ADC_INIT                                 0x08000221   Thumb Code   134  hardwareconfig.o(i.ADC_INIT)
    ADC_Init                                 0x080002b5   Thumb Code    70  stm32f10x_adc.o(i.ADC_Init)
    ADC_RegularChannelConfig                 0x08000305   Thumb Code   184  stm32f10x_adc.o(i.ADC_RegularChannelConfig)
    ADC_SoftwareStartConvCmd                 0x080003bd   Thumb Code    22  stm32f10x_adc.o(i.ADC_SoftwareStartConvCmd)
    ADC_StructInit                           0x080003d3   Thumb Code    18  stm32f10x_adc.o(i.ADC_StructInit)
    BUTTON_INIT                              0x080003e5   Thumb Code    40  robot.o(i.BUTTON_INIT)
    BUZZER_INIT                              0x08000411   Thumb Code    46  robot.o(i.BUZZER_INIT)
    DMA1_Channel1_Event                      0x08000445   Thumb Code     2  dma_stm32f10x.o(i.DMA1_Channel1_Event)
    DMA1_Channel1_IRQHandler                 0x08000449   Thumb Code    22  dma_stm32f10x.o(i.DMA1_Channel1_IRQHandler)
    DMA1_Channel2_Event                      0x08000465   Thumb Code     2  dma_stm32f10x.o(i.DMA1_Channel2_Event)
    DMA1_Channel2_IRQHandler                 0x08000469   Thumb Code    24  dma_stm32f10x.o(i.DMA1_Channel2_IRQHandler)
    DMA1_Channel3_Event                      0x08000485   Thumb Code     2  dma_stm32f10x.o(i.DMA1_Channel3_Event)
    DMA1_Channel3_IRQHandler                 0x08000489   Thumb Code    24  dma_stm32f10x.o(i.DMA1_Channel3_IRQHandler)
    DMA1_Channel4_Event                      0x080004a5   Thumb Code     2  dma_stm32f10x.o(i.DMA1_Channel4_Event)
    DMA1_Channel4_IRQHandler                 0x080004a9   Thumb Code    24  dma_stm32f10x.o(i.DMA1_Channel4_IRQHandler)
    DMA1_Channel5_Event                      0x080004c5   Thumb Code     2  dma_stm32f10x.o(i.DMA1_Channel5_Event)
    DMA1_Channel5_IRQHandler                 0x080004c9   Thumb Code    24  dma_stm32f10x.o(i.DMA1_Channel5_IRQHandler)
    DMA1_Channel6_Event                      0x080004e5   Thumb Code     2  dma_stm32f10x.o(i.DMA1_Channel6_Event)
    DMA1_Channel6_IRQHandler                 0x080004e9   Thumb Code    24  dma_stm32f10x.o(i.DMA1_Channel6_IRQHandler)
    DMA1_Channel7_Event                      0x08000505   Thumb Code     2  dma_stm32f10x.o(i.DMA1_Channel7_Event)
    DMA1_Channel7_IRQHandler                 0x08000509   Thumb Code    24  dma_stm32f10x.o(i.DMA1_Channel7_IRQHandler)
    DRIVERMOTOR_INIT                         0x08000525   Thumb Code    40  robot.o(i.DRIVERMOTOR_INIT)
    ENCODER_INIT                             0x08000551   Thumb Code    16  hardwareconfig.o(i.ENCODER_INIT)
    Enc_Nvic_Config                          0x08000561   Thumb Code    40  hardwareconfig.o(i.Enc_Nvic_Config)
    Enc_Pin_Config                           0x08000589   Thumb Code    72  hardwareconfig.o(i.Enc_Pin_Config)
    Enc_Tim_Config                           0x080005d9   Thumb Code    72  hardwareconfig.o(i.Enc_Tim_Config)
    FEE_Erase                                0x08000625   Thumb Code    24  hardwareconfig.o(i.FEE_Erase)
    FEE_Init                                 0x08000641   Thumb Code    18  hardwareconfig.o(i.FEE_Init)
    FEE_ReadDataByte                         0x08000655   Thumb Code    12  hardwareconfig.o(i.FEE_ReadDataByte)
    FEE_WriteDataByte                        0x08000665   Thumb Code   184  hardwareconfig.o(i.FEE_WriteDataByte)
    FLASH_ClearFlag                          0x08000725   Thumb Code     6  stm32f10x_flash.o(i.FLASH_ClearFlag)
    FLASH_ErasePage                          0x08000731   Thumb Code    72  stm32f10x_flash.o(i.FLASH_ErasePage)
    FLASH_GetBank1Status                     0x0800077d   Thumb Code    48  stm32f10x_flash.o(i.FLASH_GetBank1Status)
    FLASH_ProgramHalfWord                    0x080007b1   Thumb Code    60  stm32f10x_flash.o(i.FLASH_ProgramHalfWord)
    FLASH_Unlock                             0x080007f1   Thumb Code    12  stm32f10x_flash.o(i.FLASH_Unlock)
    FLASH_WaitForLastOperation               0x08000809   Thumb Code    38  stm32f10x_flash.o(i.FLASH_WaitForLastOperation)
    GPIO_Init                                0x0800082f   Thumb Code   278  stm32f10x_gpio.o(i.GPIO_Init)
    GPIO_ReadInputDataBit                    0x08000945   Thumb Code    18  stm32f10x_gpio.o(i.GPIO_ReadInputDataBit)
    GPIO_ResetBits                           0x08000957   Thumb Code     4  stm32f10x_gpio.o(i.GPIO_ResetBits)
    GPIO_SetBits                             0x0800095b   Thumb Code     4  stm32f10x_gpio.o(i.GPIO_SetBits)
    HARDWARECONFIG_INIT                      0x0800095f   Thumb Code    24  hardwareconfig.o(i.HARDWARECONFIG_INIT)
    LCDLED_INIT                              0x08000979   Thumb Code    48  robot.o(i.LCDLED_INIT)
    LCD_INIT                                 0x080009ad   Thumb Code    50  hardwareconfig.o(i.LCD_INIT)
    NVIC_Init                                0x080009e5   Thumb Code   100  misc.o(i.NVIC_Init)
    NVIC_PriorityGroupConfig                 0x08000a55   Thumb Code    10  misc.o(i.NVIC_PriorityGroupConfig)
    PWM_INIT                                 0x08000a69   Thumb Code   198  hardwareconfig.o(i.PWM_INIT)
    RCC_APB1PeriphClockCmd                   0x08000b39   Thumb Code    26  stm32f10x_rcc.o(i.RCC_APB1PeriphClockCmd)
    RCC_APB2PeriphClockCmd                   0x08000b59   Thumb Code    26  stm32f10x_rcc.o(i.RCC_APB2PeriphClockCmd)
    RCC_PCLK1Config                          0x08000b79   Thumb Code    18  stm32f10x_rcc.o(i.RCC_PCLK1Config)
    ROBOT_INIT                               0x08000b91   Thumb Code    20  robot.o(i.ROBOT_INIT)
    SYSTICK_INIT                             0x08000ba5   Thumb Code    88  hardwareconfig.o(i.SYSTICK_INIT)
    SysTick_Handler                          0x08000cf5   Thumb Code     8  hardwareconfig.o(i.SysTick_Handler)
    SystemInit                               0x08000cfd   Thumb Code    78  system_stm32f10x.o(i.SystemInit)
    TIM4_IRQHandler                          0x08000d5d   Thumb Code   132  hardwareconfig.o(i.TIM4_IRQHandler)
    TIM_CCxCmd                               0x08000dfd   Thumb Code    30  stm32f10x_tim.o(i.TIM_CCxCmd)
    TIM_ClearITPendingBit                    0x08000e1b   Thumb Code     6  stm32f10x_tim.o(i.TIM_ClearITPendingBit)
    TIM_Cmd                                  0x08000e21   Thumb Code    24  stm32f10x_tim.o(i.TIM_Cmd)
    TIM_CtrlPWMOutputs                       0x08000e39   Thumb Code    30  stm32f10x_tim.o(i.TIM_CtrlPWMOutputs)
    TIM_GetITStatus                          0x08000e57   Thumb Code    34  stm32f10x_tim.o(i.TIM_GetITStatus)
    TIM_ITConfig                             0x08000e79   Thumb Code    18  stm32f10x_tim.o(i.TIM_ITConfig)
    TIM_OC1Init                              0x08000e8d   Thumb Code   132  stm32f10x_tim.o(i.TIM_OC1Init)
    TIM_OC1PreloadConfig                     0x08000f25   Thumb Code    18  stm32f10x_tim.o(i.TIM_OC1PreloadConfig)
    TIM_OC2Init                              0x08000f39   Thumb Code   154  stm32f10x_tim.o(i.TIM_OC2Init)
    TIM_OC2PreloadConfig                     0x08000fdd   Thumb Code    26  stm32f10x_tim.o(i.TIM_OC2PreloadConfig)
    TIM_OCStructInit                         0x08000ff7   Thumb Code    20  stm32f10x_tim.o(i.TIM_OCStructInit)
    TIM_SetCompare1                          0x0800100b   Thumb Code     4  stm32f10x_tim.o(i.TIM_SetCompare1)
    TIM_SetCompare2                          0x0800100f   Thumb Code     4  stm32f10x_tim.o(i.TIM_SetCompare2)
    TIM_TimeBaseInit                         0x08001015   Thumb Code   122  stm32f10x_tim.o(i.TIM_TimeBaseInit)
    TIM_TimeBaseStructInit                   0x080010b9   Thumb Code    18  stm32f10x_tim.o(i.TIM_TimeBaseStructInit)
    TimeTick_Decrement                       0x080010cd   Thumb Code    18  hardwareconfig.o(i.TimeTick_Decrement)
    USART3_IRQHandler                        0x080010e5   Thumb Code   252  hardwareconfig.o(i.USART3_IRQHandler)
    USART_GetFlagStatus                      0x080011f5   Thumb Code    26  stm32f10x_usart.o(i.USART_GetFlagStatus)
    __0sprintf$1                             0x08001211   Thumb Code    34  printf1.o(i.__0sprintf$1)
    __1sprintf$1                             0x08001211   Thumb Code     0  printf1.o(i.__0sprintf$1)
    __2sprintf                               0x08001211   Thumb Code     0  printf1.o(i.__0sprintf$1)
    __scatterload_copy                       0x08001239   Thumb Code    14  handlers.o(i.__scatterload_copy)
    __scatterload_null                       0x08001247   Thumb Code     2  handlers.o(i.__scatterload_null)
    __scatterload_zeroinit                   0x08001249   Thumb Code    14  handlers.o(i.__scatterload_zeroinit)
    buzzer                                   0x080013b9   Thumb Code    28  robot.o(i.buzzer)
    calib_sensor_line                        0x080013d9   Thumb Code   196  movements.o(i.calib_sensor_line)
    calibration                              0x080014e5   Thumb Code   136  movements.o(i.calibration)
    delay_1ms                                0x0800157d   Thumb Code    20  hardwareconfig.o(i.delay_1ms)
    delay_ms                                 0x08001595   Thumb Code    20  hardwareconfig.o(i.delay_ms)
    finish                                   0x080015a9   Thumb Code    66  movements.o(i.finish)
    forward_upto_white                       0x080015f5   Thumb Code    80  movements.o(i.forward_upto_white)
    lcd_Clk                                  0x08001655   Thumb Code    32  hardwareconfig.o(i.lcd_Clk)
    lcd_Cmd                                  0x08001675   Thumb Code   180  hardwareconfig.o(i.lcd_Cmd)
    lcd_Data                                 0x08001729   Thumb Code   180  hardwareconfig.o(i.lcd_Data)
    lcd_Delay                                0x080017dd   Thumb Code    16  hardwareconfig.o(i.lcd_Delay)
    lcd_InitIO                               0x080017ed   Thumb Code   108  hardwareconfig.o(i.lcd_InitIO)
    lcd_InitSequens                          0x0800185d   Thumb Code   100  hardwareconfig.o(i.lcd_InitSequens)
    lcd_PinHi                                0x080018c1   Thumb Code    28  hardwareconfig.o(i.lcd_PinHi)
    lcd_PinLo                                0x080018e1   Thumb Code    28  hardwareconfig.o(i.lcd_PinLo)
    lcd_clear                                0x08001901   Thumb Code    18  hardwareconfig.o(i.lcd_clear)
    lcd_gotoxy                               0x08001913   Thumb Code    36  hardwareconfig.o(i.lcd_gotoxy)
    lcd_led                                  0x08001939   Thumb Code    32  robot.o(i.lcd_led)
    lcd_putsf                                0x0800195d   Thumb Code    22  hardwareconfig.o(i.lcd_putsf)
    main                                     0x08001975   Thumb Code   442  main.o(i.main)
    motor_left_fwd                           0x08001b79   Thumb Code    32  robot.o(i.motor_left_fwd)
    motor_left_stop                          0x08001b9d   Thumb Code    30  robot.o(i.motor_left_stop)
    motor_right_fwd                          0x08001bc1   Thumb Code    32  robot.o(i.motor_right_fwd)
    motor_right_stop                         0x08001be5   Thumb Code    30  robot.o(i.motor_right_stop)
    pwma                                     0x08001c09   Thumb Code    14  hardwareconfig.o(i.pwma)
    pwmb                                     0x08001c1d   Thumb Code    14  hardwareconfig.o(i.pwmb)
    read_adc                                 0x08001c31   Thumb Code   202  hardwareconfig.o(i.read_adc)
    read_adc_dig                             0x08001d05   Thumb Code   106  movements.o(i.read_adc_dig)
    read_combutton                           0x08001d7d   Thumb Code    14  robot.o(i.read_combutton)
    read_eeprom                              0x08001d91   Thumb Code    50  movements.o(i.read_eeprom)
    read_encoderL                            0x08001dcd   Thumb Code     6  hardwareconfig.o(i.read_encoderL)
    read_encoderR                            0x08001dd9   Thumb Code     6  hardwareconfig.o(i.read_encoderR)
    read_gy25_yaw                            0x08001de5   Thumb Code     6  hardwareconfig.o(i.read_gy25_yaw)
    read_startbutton                         0x08001df1   Thumb Code    14  robot.o(i.read_startbutton)
    start_sensor_line_slow                   0x08001e05   Thumb Code   756  movements.o(i.start_sensor_line_slow)
    Region$$Table$$Base                      0x08002138   Number         0  anon$$obj.o(Region$$Table)
    Region$$Table$$Limit                     0x08002158   Number         0  anon$$obj.o(Region$$Table)
    adc_div                                  0x20000000   Data           1  hardwareconfig.o(.data)
    l_count                                  0x20000004   Data           4  hardwareconfig.o(.data)
    r_count                                  0x20000008   Data           4  hardwareconfig.o(.data)
    l_temp                                   0x2000000c   Data           4  hardwareconfig.o(.data)
    r_temp                                   0x20000010   Data           4  hardwareconfig.o(.data)
    returnBuffgy                             0x20000014   Data           8  hardwareconfig.o(.data)
    countergy                                0x2000001c   Data           1  hardwareconfig.o(.data)
    fullBuffgy                               0x2000001d   Data           1  hardwareconfig.o(.data)
    lcdpins                                  0x20000020   Data         120  hardwareconfig.o(.data)
    i                                        0x2000009c   Data           4  movements.o(.data)
    j                                        0x200000a0   Data           4  movements.o(.data)
    count                                    0x200000a4   Data           4  movements.o(.data)
    black                                    0x200000a8   Data          40  movements.o(.data)
    rate                                     0x200000d0   Data           4  movements.o(.data)
    error                                    0x200000d4   Data           4  movements.o(.data)
    last_error                               0x200000d8   Data           4  movements.o(.data)
    KP                                       0x200000dc   Data           4  movements.o(.data)
    P                                        0x200000e0   Data           4  movements.o(.data)
    KI                                       0x200000e4   Data           4  movements.o(.data)
    I                                        0x200000e8   Data           4  movements.o(.data)
    KD                                       0x200000ec   Data           4  movements.o(.data)
    D                                        0x200000f0   Data           4  movements.o(.data)
    pwmka                                    0x200000f4   Data           4  movements.o(.data)
    pwmki                                    0x200000f8   Data           4  movements.o(.data)
    SP                                       0x200000fc   Data           4  movements.o(.data)
    datasensor                               0x20000100   Data           4  movements.o(.data)
    encoderL                                 0x20000104   Data           4  movements.o(.data)
    encoderR                                 0x20000108   Data           4  movements.o(.data)
    temp_gy                                  0x2000010c   Data           4  movements.o(.data)
    gy_move                                  0x20000110   Data           4  movements.o(.data)
    res_gy                                   0x20000114   Data           4  movements.o(.data)
    yaw                                      0x20000118   Data           4  movements.o(.data)
    SystemCoreClock                          0x2000011c   Data           4  system_stm32f10x.o(.data)
    AHBPrescTable                            0x20000120   Data          16  system_stm32f10x.o(.data)
    buf                                      0x20000130   Data          16  main.o(.bss)
    PRY                                      0x20000140   Data          12  hardwareconfig.o(.bss)
    DataBuf                                  0x2000014c   Data        1024  hardwareconfig.o(.bss)
    buf2                                     0x2000054c   Data          16  movements.o(.bss)
    adc                                      0x2000055c   Data          40  movements.o(.bss)
    sp                                       0x20000584   Data          40  movements.o(.bss)
    ee                                       0x200005ac   Data          40  movements.o(.bss)
    white                                    0x200005d4   Data          40  movements.o(.bss)
    __initial_sp                             0x20000a00   Data           0  startup_stm32f10x_md.o(STACK)



==============================================================================

Memory Map of the image

  Image Entry point : 0x080000ed

  Load Region LR_IROM1 (Base: 0x08000000, Size: 0x00002288, Max: 0x00010000, ABSOLUTE, COMPRESSED[0x000021a8])

    Execution Region ER_IROM1 (Base: 0x08000000, Size: 0x00002158, Max: 0x00010000, ABSOLUTE)

    Base Addr    Size         Type   Attr      Idx    E Section Name        Object

    0x08000000   0x000000ec   Data   RO         2548    RESET               startup_stm32f10x_md.o
    0x080000ec   0x00000000   Code   RO         2599  * .ARM.Collect$$$$00000000  mc_w.l(entry.o)
    0x080000ec   0x00000004   Code   RO         2867    .ARM.Collect$$$$00000001  mc_w.l(entry2.o)
    0x080000f0   0x00000004   Code   RO         2870    .ARM.Collect$$$$00000004  mc_w.l(entry5.o)
    0x080000f4   0x00000000   Code   RO         2872    .ARM.Collect$$$$00000008  mc_w.l(entry7b.o)
    0x080000f4   0x00000000   Code   RO         2874    .ARM.Collect$$$$0000000A  mc_w.l(entry8b.o)
    0x080000f4   0x00000008   Code   RO         2875    .ARM.Collect$$$$0000000B  mc_w.l(entry9a.o)
    0x080000fc   0x00000000   Code   RO         2877    .ARM.Collect$$$$0000000D  mc_w.l(entry10a.o)
    0x080000fc   0x00000000   Code   RO         2879    .ARM.Collect$$$$0000000F  mc_w.l(entry11a.o)
    0x080000fc   0x00000004   Code   RO         2868    .ARM.Collect$$$$00002712  mc_w.l(entry2.o)
    0x08000100   0x00000024   Code   RO         2549    .text               startup_stm32f10x_md.o
    0x08000124   0x00000024   Code   RO         2602    .text               mc_w.l(memcpya.o)
    0x08000148   0x0000002c   Code   RO         2884    .text               mc_w.l(uidiv.o)
    0x08000174   0x00000024   Code   RO         2899    .text               mc_w.l(init.o)
    0x08000198   0x00000056   Code   RO         2919    .text               mc_w.l(__dczerorl2.o)
    0x080001ee   0x00000016   Code   RO          742    i.ADC_Cmd           stm32f10x_adc.o
    0x08000204   0x00000008   Code   RO          751    i.ADC_GetConversionValue  stm32f10x_adc.o
    0x0800020c   0x00000012   Code   RO          753    i.ADC_GetFlagStatus  stm32f10x_adc.o
    0x0800021e   0x00000002   PAD
    0x08000220   0x00000094   Code   RO          106    i.ADC_INIT          hardwareconfig.o
    0x080002b4   0x00000050   Code   RO          760    i.ADC_Init          stm32f10x_adc.o
    0x08000304   0x000000b8   Code   RO          764    i.ADC_RegularChannelConfig  stm32f10x_adc.o
    0x080003bc   0x00000016   Code   RO          767    i.ADC_SoftwareStartConvCmd  stm32f10x_adc.o
    0x080003d2   0x00000012   Code   RO          770    i.ADC_StructInit    stm32f10x_adc.o
    0x080003e4   0x0000002c   Code   RO          420    i.BUTTON_INIT       robot.o
    0x08000410   0x00000034   Code   RO          421    i.BUZZER_INIT       robot.o
    0x08000444   0x00000002   Code   RO         2396    i.DMA1_Channel1_Event  dma_stm32f10x.o
    0x08000446   0x00000002   PAD
    0x08000448   0x0000001c   Code   RO         2397    i.DMA1_Channel1_IRQHandler  dma_stm32f10x.o
    0x08000464   0x00000002   Code   RO         2398    i.DMA1_Channel2_Event  dma_stm32f10x.o
    0x08000466   0x00000002   PAD
    0x08000468   0x0000001c   Code   RO         2399    i.DMA1_Channel2_IRQHandler  dma_stm32f10x.o
    0x08000484   0x00000002   Code   RO         2400    i.DMA1_Channel3_Event  dma_stm32f10x.o
    0x08000486   0x00000002   PAD
    0x08000488   0x0000001c   Code   RO         2401    i.DMA1_Channel3_IRQHandler  dma_stm32f10x.o
    0x080004a4   0x00000002   Code   RO         2402    i.DMA1_Channel4_Event  dma_stm32f10x.o
    0x080004a6   0x00000002   PAD
    0x080004a8   0x0000001c   Code   RO         2403    i.DMA1_Channel4_IRQHandler  dma_stm32f10x.o
    0x080004c4   0x00000002   Code   RO         2404    i.DMA1_Channel5_Event  dma_stm32f10x.o
    0x080004c6   0x00000002   PAD
    0x080004c8   0x0000001c   Code   RO         2405    i.DMA1_Channel5_IRQHandler  dma_stm32f10x.o
    0x080004e4   0x00000002   Code   RO         2406    i.DMA1_Channel6_Event  dma_stm32f10x.o
    0x080004e6   0x00000002   PAD
    0x080004e8   0x0000001c   Code   RO         2407    i.DMA1_Channel6_IRQHandler  dma_stm32f10x.o
    0x08000504   0x00000002   Code   RO         2408    i.DMA1_Channel7_Event  dma_stm32f10x.o
    0x08000506   0x00000002   PAD
    0x08000508   0x0000001c   Code   RO         2409    i.DMA1_Channel7_IRQHandler  dma_stm32f10x.o
    0x08000524   0x0000002c   Code   RO          422    i.DRIVERMOTOR_INIT  robot.o
    0x08000550   0x00000010   Code   RO          107    i.ENCODER_INIT      hardwareconfig.o
    0x08000560   0x00000028   Code   RO          108    i.Enc_Nvic_Config   hardwareconfig.o
    0x08000588   0x00000050   Code   RO          109    i.Enc_Pin_Config    hardwareconfig.o
    0x080005d8   0x0000004c   Code   RO          110    i.Enc_Tim_Config    hardwareconfig.o
    0x08000624   0x0000001c   Code   RO          111    i.FEE_Erase         hardwareconfig.o
    0x08000640   0x00000012   Code   RO          112    i.FEE_Init          hardwareconfig.o
    0x08000652   0x00000002   PAD
    0x08000654   0x00000010   Code   RO          113    i.FEE_ReadDataByte  hardwareconfig.o
    0x08000664   0x000000c0   Code   RO          114    i.FEE_WriteDataByte  hardwareconfig.o
    0x08000724   0x0000000c   Code   RO         1120    i.FLASH_ClearFlag   stm32f10x_flash.o
    0x08000730   0x0000004c   Code   RO         1125    i.FLASH_ErasePage   stm32f10x_flash.o
    0x0800077c   0x00000034   Code   RO         1126    i.FLASH_GetBank1Status  stm32f10x_flash.o
    0x080007b0   0x00000040   Code   RO         1138    i.FLASH_ProgramHalfWord  stm32f10x_flash.o
    0x080007f0   0x00000018   Code   RO         1143    i.FLASH_Unlock      stm32f10x_flash.o
    0x08000808   0x00000026   Code   RO         1147    i.FLASH_WaitForLastOperation  stm32f10x_flash.o
    0x0800082e   0x00000116   Code   RO         1312    i.GPIO_Init         stm32f10x_gpio.o
    0x08000944   0x00000012   Code   RO         1316    i.GPIO_ReadInputDataBit  stm32f10x_gpio.o
    0x08000956   0x00000004   Code   RO         1319    i.GPIO_ResetBits    stm32f10x_gpio.o
    0x0800095a   0x00000004   Code   RO         1320    i.GPIO_SetBits      stm32f10x_gpio.o
    0x0800095e   0x00000018   Code   RO          116    i.HARDWARECONFIG_INIT  hardwareconfig.o
    0x08000976   0x00000002   PAD
    0x08000978   0x00000034   Code   RO          423    i.LCDLED_INIT       robot.o
    0x080009ac   0x00000038   Code   RO          117    i.LCD_INIT          hardwareconfig.o
    0x080009e4   0x00000070   Code   RO          688    i.NVIC_Init         misc.o
    0x08000a54   0x00000014   Code   RO          689    i.NVIC_PriorityGroupConfig  misc.o
    0x08000a68   0x000000d0   Code   RO          119    i.PWM_INIT          hardwareconfig.o
    0x08000b38   0x00000020   Code   RO         1434    i.RCC_APB1PeriphClockCmd  stm32f10x_rcc.o
    0x08000b58   0x00000020   Code   RO         1436    i.RCC_APB2PeriphClockCmd  stm32f10x_rcc.o
    0x08000b78   0x00000018   Code   RO         1455    i.RCC_PCLK1Config   stm32f10x_rcc.o
    0x08000b90   0x00000014   Code   RO          424    i.ROBOT_INIT        robot.o
    0x08000ba4   0x00000068   Code   RO          120    i.SYSTICK_INIT      hardwareconfig.o
    0x08000c0c   0x00000008   Code   RO         2556    i.SetSysClock       system_stm32f10x.o
    0x08000c14   0x000000e0   Code   RO         2557    i.SetSysClockTo72   system_stm32f10x.o
    0x08000cf4   0x00000008   Code   RO          121    i.SysTick_Handler   hardwareconfig.o
    0x08000cfc   0x00000060   Code   RO         2559    i.SystemInit        system_stm32f10x.o
    0x08000d5c   0x000000a0   Code   RO          122    i.TIM4_IRQHandler   hardwareconfig.o
    0x08000dfc   0x0000001e   Code   RO         1652    i.TIM_CCxCmd        stm32f10x_tim.o
    0x08000e1a   0x00000006   Code   RO         1655    i.TIM_ClearITPendingBit  stm32f10x_tim.o
    0x08000e20   0x00000018   Code   RO         1660    i.TIM_Cmd           stm32f10x_tim.o
    0x08000e38   0x0000001e   Code   RO         1662    i.TIM_CtrlPWMOutputs  stm32f10x_tim.o
    0x08000e56   0x00000022   Code   RO         1681    i.TIM_GetITStatus   stm32f10x_tim.o
    0x08000e78   0x00000012   Code   RO         1685    i.TIM_ITConfig      stm32f10x_tim.o
    0x08000e8a   0x00000002   PAD
    0x08000e8c   0x00000098   Code   RO         1689    i.TIM_OC1Init       stm32f10x_tim.o
    0x08000f24   0x00000012   Code   RO         1692    i.TIM_OC1PreloadConfig  stm32f10x_tim.o
    0x08000f36   0x00000002   PAD
    0x08000f38   0x000000a4   Code   RO         1694    i.TIM_OC2Init       stm32f10x_tim.o
    0x08000fdc   0x0000001a   Code   RO         1697    i.TIM_OC2PreloadConfig  stm32f10x_tim.o
    0x08000ff6   0x00000014   Code   RO         1707    i.TIM_OCStructInit  stm32f10x_tim.o
    0x0800100a   0x00000004   Code   RO         1721    i.TIM_SetCompare1   stm32f10x_tim.o
    0x0800100e   0x00000004   Code   RO         1722    i.TIM_SetCompare2   stm32f10x_tim.o
    0x08001012   0x00000002   PAD
    0x08001014   0x000000a4   Code   RO         1731    i.TIM_TimeBaseInit  stm32f10x_tim.o
    0x080010b8   0x00000012   Code   RO         1732    i.TIM_TimeBaseStructInit  stm32f10x_tim.o
    0x080010ca   0x00000002   PAD
    0x080010cc   0x00000018   Code   RO          123    i.TimeTick_Decrement  hardwareconfig.o
    0x080010e4   0x00000110   Code   RO          125    i.USART3_IRQHandler  hardwareconfig.o
    0x080011f4   0x0000001a   Code   RO         2211    i.USART_GetFlagStatus  stm32f10x_usart.o
    0x0800120e   0x00000002   PAD
    0x08001210   0x00000028   Code   RO         2653    i.__0sprintf$1      mc_w.l(printf1.o)
    0x08001238   0x0000000e   Code   RO         2913    i.__scatterload_copy  mc_w.l(handlers.o)
    0x08001246   0x00000002   Code   RO         2914    i.__scatterload_null  mc_w.l(handlers.o)
    0x08001248   0x0000000e   Code   RO         2915    i.__scatterload_zeroinit  mc_w.l(handlers.o)
    0x08001256   0x00000002   PAD
    0x08001258   0x00000154   Code   RO         2658    i._printf_core      mc_w.l(printf1.o)
    0x080013ac   0x0000000a   Code   RO         2660    i._sputc            mc_w.l(printf1.o)
    0x080013b6   0x00000002   PAD
    0x080013b8   0x00000020   Code   RO          425    i.buzzer            robot.o
    0x080013d8   0x0000010c   Code   RO          528    i.calib_sensor_line  movements.o
    0x080014e4   0x00000098   Code   RO          529    i.calibration       movements.o
    0x0800157c   0x00000018   Code   RO          127    i.delay_1ms         hardwareconfig.o
    0x08001594   0x00000014   Code   RO          128    i.delay_ms          hardwareconfig.o
    0x080015a8   0x0000004c   Code   RO          530    i.finish            movements.o
    0x080015f4   0x00000060   Code   RO          536    i.forward_upto_white  movements.o
    0x08001654   0x00000020   Code   RO          130    i.lcd_Clk           hardwareconfig.o
    0x08001674   0x000000b4   Code   RO          131    i.lcd_Cmd           hardwareconfig.o
    0x08001728   0x000000b4   Code   RO          132    i.lcd_Data          hardwareconfig.o
    0x080017dc   0x00000010   Code   RO          133    i.lcd_Delay         hardwareconfig.o
    0x080017ec   0x00000070   Code   RO          134    i.lcd_InitIO        hardwareconfig.o
    0x0800185c   0x00000064   Code   RO          135    i.lcd_InitSequens   hardwareconfig.o
    0x080018c0   0x00000020   Code   RO          136    i.lcd_PinHi         hardwareconfig.o
    0x080018e0   0x00000020   Code   RO          137    i.lcd_PinLo         hardwareconfig.o
    0x08001900   0x00000012   Code   RO          141    i.lcd_clear         hardwareconfig.o
    0x08001912   0x00000024   Code   RO          142    i.lcd_gotoxy        hardwareconfig.o
    0x08001936   0x00000002   PAD
    0x08001938   0x00000024   Code   RO          426    i.lcd_led           robot.o
    0x0800195c   0x00000016   Code   RO          144    i.lcd_putsf         hardwareconfig.o
    0x08001972   0x00000002   PAD
    0x08001974   0x00000204   Code   RO            4    i.main              main.o
    0x08001b78   0x00000024   Code   RO          427    i.motor_left_fwd    robot.o
    0x08001b9c   0x00000024   Code   RO          429    i.motor_left_stop   robot.o
    0x08001bc0   0x00000024   Code   RO          430    i.motor_right_fwd   robot.o
    0x08001be4   0x00000024   Code   RO          432    i.motor_right_stop  robot.o
    0x08001c08   0x00000014   Code   RO          145    i.pwma              hardwareconfig.o
    0x08001c1c   0x00000014   Code   RO          146    i.pwmb              hardwareconfig.o
    0x08001c30   0x000000d4   Code   RO          147    i.read_adc          hardwareconfig.o
    0x08001d04   0x00000078   Code   RO          540    i.read_adc_dig      movements.o
    0x08001d7c   0x00000014   Code   RO          433    i.read_combutton    robot.o
    0x08001d90   0x0000003c   Code   RO          541    i.read_eeprom       movements.o
    0x08001dcc   0x0000000c   Code   RO          148    i.read_encoderL     hardwareconfig.o
    0x08001dd8   0x0000000c   Code   RO          149    i.read_encoderR     hardwareconfig.o
    0x08001de4   0x0000000c   Code   RO          152    i.read_gy25_yaw     hardwareconfig.o
    0x08001df0   0x00000014   Code   RO          434    i.read_startbutton  robot.o
    0x08001e04   0x00000334   Code   RO          544    i.start_sensor_line_slow  movements.o
    0x08002138   0x00000020   Data   RO         2911    Region$$Table       anon$$obj.o


    Execution Region RW_IRAM1 (Base: 0x20000000, Size: 0x00000a00, Max: 0x00005000, ABSOLUTE, COMPRESSED[0x00000050])

    Base Addr    Size         Type   Attr      Idx    E Section Name        Object

    0x20000000   0x0000009c   Data   RW          155    .data               hardwareconfig.o
    0x2000009c   0x00000080   Data   RW          552    .data               movements.o
    0x2000011c   0x00000014   Data   RW         2560    .data               system_stm32f10x.o
    0x20000130   0x00000010   Zero   RW            5    .bss                main.o
    0x20000140   0x0000040c   Zero   RW          154    .bss                hardwareconfig.o
    0x2000054c   0x000000b0   Zero   RW          551    .bss                movements.o
    0x200005fc   0x00000004   PAD
    0x20000600   0x00000400   Zero   RW         2546    STACK               startup_stm32f10x_md.o


==============================================================================

Image component sizes


      Code (inc. data)   RO Data    RW Data    ZI Data      Debug   Object Name

       210         30          0          0          0       7259   dma_stm32f10x.o
      2562        184          0        156       1036      41156   hardwareconfig.o
       516         74          0          0         16     261521   main.o
       132         22          0          0          0       1691   misc.o
      1592        208          0        128        176       5145   movements.o
       464         58          0          0          0       5785   robot.o
        36          8        236          0       1024        820   startup_stm32f10x_md.o
       352         10          0          0          0       6665   stm32f10x_adc.o
       266         30          0          0          0       3679   stm32f10x_flash.o
       304          0          0          0          0       3876   stm32f10x_gpio.o
        88         18          0          0          0       1788   stm32f10x_rcc.o
       712         72          0          0          0      10098   stm32f10x_tim.o
        26          0          0          0          0       2170   stm32f10x_usart.o
       328         28          0         20          0       2305   system_stm32f10x.o

    ----------------------------------------------------------------------
      7622        742        268        304       2256     353958   Object Totals
         0          0         32          0          0          0   (incl. Generated)
        34          0          0          0          4          0   (incl. Padding)

    ----------------------------------------------------------------------

      Code (inc. data)   RO Data    RW Data    ZI Data      Debug   Library Member Name

        86          0          0          0          0          0   __dczerorl2.o
         0          0          0          0          0          0   entry.o
         0          0          0          0          0          0   entry10a.o
         0          0          0          0          0          0   entry11a.o
         8          4          0          0          0          0   entry2.o
         4          0          0          0          0          0   entry5.o
         0          0          0          0          0          0   entry7b.o
         0          0          0          0          0          0   entry8b.o
         8          4          0          0          0          0   entry9a.o
        30          0          0          0          0          0   handlers.o
        36          8          0          0          0         68   init.o
        36          0          0          0          0         68   memcpya.o
       390         10          0          0          0        252   printf1.o
        44          0          0          0          0         80   uidiv.o

    ----------------------------------------------------------------------
       646         26          0          0          0        468   Library Totals
         4          0          0          0          0          0   (incl. Padding)

    ----------------------------------------------------------------------

      Code (inc. data)   RO Data    RW Data    ZI Data      Debug   Library Name

       642         26          0          0          0        468   mc_w.l

    ----------------------------------------------------------------------
       646         26          0          0          0        468   Library Totals

    ----------------------------------------------------------------------

==============================================================================


      Code (inc. data)   RO Data    RW Data    ZI Data      Debug   

      8268        768        268        304       2256     348886   Grand Totals
      8268        768        268         80       2256     348886   ELF Image Totals (compressed)
      8268        768        268         80          0          0   ROM Totals

==============================================================================

    Total RO  Size (Code + RO Data)                 8536 (   8.34kB)
    Total RW  Size (RW Data + ZI Data)              2560 (   2.50kB)
    Total ROM Size (Code + RO Data + RW Data)       8616 (   8.41kB)

==============================================================================

